Archive member included to satisfy reference by file (symbol)

app/libapp.a(main.c.obj)      (--whole-archive)
zephyr/libzephyr.a(validate_libc.c.obj)
                              (--whole-archive)
zephyr/libzephyr.a(heap.c.obj)
                              (--whole-archive)
zephyr/libzephyr.a(cbprintf_packaged.c.obj)
                              (--whole-archive)
zephyr/libzephyr.a(clock.c.obj)
                              (--whole-archive)
zephyr/libzephyr.a(printk.c.obj)
                              (--whole-archive)
zephyr/libzephyr.a(sem.c.obj)
                              (--whole-archive)
zephyr/libzephyr.a(thread_entry.c.obj)
                              (--whole-archive)
zephyr/libzephyr.a(cbprintf_complete.c.obj)
                              (--whole-archive)
zephyr/libzephyr.a(assert.c.obj)
                              (--whole-archive)
zephyr/libzephyr.a(dec.c.obj)
                              (--whole-archive)
zephyr/libzephyr.a(hex.c.obj)
                              (--whole-archive)
zephyr/libzephyr.a(rb.c.obj)  (--whole-archive)
zephyr/libzephyr.a(timeutil.c.obj)
                              (--whole-archive)
zephyr/libzephyr.a(bitarray.c.obj)
                              (--whole-archive)
zephyr/libzephyr.a(bitmask.c.obj)
                              (--whole-archive)
zephyr/libzephyr.a(getopt.c.obj)
                              (--whole-archive)
zephyr/libzephyr.a(getopt_common.c.obj)
                              (--whole-archive)
zephyr/libzephyr.a(onoff.c.obj)
                              (--whole-archive)
zephyr/libzephyr.a(notify.c.obj)
                              (--whole-archive)
zephyr/libzephyr.a(ring_buffer.c.obj)
                              (--whole-archive)
zephyr/libzephyr.a(last_section_id.c.obj)
                              (--whole-archive)
zephyr/libzephyr.a(configs.c.obj)
                              (--whole-archive)
zephyr/libzephyr.a(mem_attr.c.obj)
                              (--whole-archive)
zephyr/libzephyr.a(tracing_none.c.obj)
                              (--whole-archive)
zephyr/libzephyr.a(banner.c.obj)
                              (--whole-archive)
zephyr/libzephyr.a(flash_map_partition_manager.c.obj)
                              (--whole-archive)
zephyr/arch/common/libarch__common.a(sw_isr_common.c.obj)
                              (--whole-archive)
zephyr/arch/common/libarch__common.a(init.c.obj)
                              (--whole-archive)
zephyr/arch/common/libarch__common.a(xip.c.obj)
                              (--whole-archive)
zephyr/arch/arch/arm/core/libarch__arm__core.a(fatal.c.obj)
                              (--whole-archive)
zephyr/arch/arch/arm/core/libarch__arm__core.a(nmi.c.obj)
                              (--whole-archive)
zephyr/arch/arch/arm/core/libarch__arm__core.a(nmi_on_reset.S.obj)
                              (--whole-archive)
zephyr/arch/arch/arm/core/libarch__arm__core.a(tls.c.obj)
                              (--whole-archive)
zephyr/arch/arch/arm/core/cortex_m/libarch__arm__core__cortex_m.a(exc_exit.c.obj)
                              (--whole-archive)
zephyr/arch/arch/arm/core/cortex_m/libarch__arm__core__cortex_m.a(fault.c.obj)
                              (--whole-archive)
zephyr/arch/arch/arm/core/cortex_m/libarch__arm__core__cortex_m.a(fault_s.S.obj)
                              (--whole-archive)
zephyr/arch/arch/arm/core/cortex_m/libarch__arm__core__cortex_m.a(fpu.c.obj)
                              (--whole-archive)
zephyr/arch/arch/arm/core/cortex_m/libarch__arm__core__cortex_m.a(reset.S.obj)
                              (--whole-archive)
zephyr/arch/arch/arm/core/cortex_m/libarch__arm__core__cortex_m.a(scb.c.obj)
                              (--whole-archive)
zephyr/arch/arch/arm/core/cortex_m/libarch__arm__core__cortex_m.a(thread_abort.c.obj)
                              (--whole-archive)
zephyr/arch/arch/arm/core/cortex_m/libarch__arm__core__cortex_m.a(vector_table.S.obj)
                              (--whole-archive)
zephyr/arch/arch/arm/core/cortex_m/libarch__arm__core__cortex_m.a(swap_helper.S.obj)
                              (--whole-archive)
zephyr/arch/arch/arm/core/cortex_m/libarch__arm__core__cortex_m.a(irq_manage.c.obj)
                              (--whole-archive)
zephyr/arch/arch/arm/core/cortex_m/libarch__arm__core__cortex_m.a(prep_c.c.obj)
                              (--whole-archive)
zephyr/arch/arch/arm/core/cortex_m/libarch__arm__core__cortex_m.a(thread.c.obj)
                              (--whole-archive)
zephyr/arch/arch/arm/core/cortex_m/libarch__arm__core__cortex_m.a(cpu_idle.c.obj)
                              (--whole-archive)
zephyr/arch/arch/arm/core/cortex_m/libarch__arm__core__cortex_m.a(irq_init.c.obj)
                              (--whole-archive)
zephyr/arch/arch/arm/core/cortex_m/libarch__arm__core__cortex_m.a(isr_wrapper.c.obj)
                              (--whole-archive)
[...]
Memory Configuration

Name             Origin             Length             Attributes
FLASH            0x0000000000000000 0x0000000000080000 xr
RAM              0x0000000020000000 0x0000000000020000 xw
IDT_LIST         0x00000000ffff7fff 0x0000000000008000 xw
*default*        0x0000000000000000 0xffffffffffffffff

Linker script and memory map

                0x000000000000311c                vfprintf = __l_vfprintf
                0x0000000000000000                vfscanf = __l_vfscanf
LOAD zephyr/CMakeFiles/zephyr_pre0.dir/misc/empty_file.c.obj
LOAD zephyr/CMakeFiles/offsets.dir/./arch/arm/core/offsets/offsets.c.obj
LOAD app/libapp.a
LOAD zephyr/libzephyr.a
LOAD zephyr/arch/common/libarch__common.a
LOAD zephyr/arch/arch/arm/core/libarch__arm__core.a
LOAD zephyr/arch/arch/arm/core/cortex_m/libarch__arm__core__cortex_m.a
LOAD zephyr/arch/arch/arm/core/mpu/libarch__arm__core__mpu.a
LOAD zephyr/lib/libc/picolibc/liblib__libc__picolibc.a
LOAD zephyr/lib/libc/common/liblib__libc__common.a
LOAD zephyr/lib/posix/c_lib_ext/liblib__posix__c_lib_ext.a
LOAD zephyr/soc/soc/nrf52833/libsoc__nordic.a
LOAD zephyr/drivers/clock_control/libdrivers__clock_control.a
LOAD zephyr/drivers/console/libdrivers__console.a
LOAD zephyr/drivers/gpio/libdrivers__gpio.a
LOAD zephyr/drivers/pinctrl/libdrivers__pinctrl.a
LOAD zephyr/drivers/serial/libdrivers__serial.a
LOAD zephyr/drivers/timer/libdrivers__timer.a
LOAD modules/hal_nordic/modules/hal_nordic/nrfx/libnrfx.a
LOAD zephyr/kernel/libkernel.a
LOAD zephyr/arch/common/libisr_tables.a
LOAD /opt/nordic/ncs/toolchains/0c0f19d91c/opt/zephyr-sdk/arm-zephyr-eabi/bin/../lib/gcc/../../picolibc/arm-zephyr-eabi/lib/thumb/v7e-m/nofp/libc.a
LOAD /opt/nordic/ncs/toolchains/0c0f19d91c/opt/zephyr-sdk/arm-zephyr-eabi/bin/../lib/gcc/arm-zephyr-eabi/12.2.0/thumb/v7e-m/nofp/libgcc.a
                0x0000000000000020                _region_min_align = 0x20

.rel.plt        0x0000000000000000        0x0
 *(SORT_BY_ALIGNMENT(.rel.plt))
                [!provide]                        PROVIDE (__rel_iplt_start = .)
 *(SORT_BY_ALIGNMENT(.rel.iplt))
 .rel.iplt      0x0000000000000000        0x0 app/libapp.a(main.c.obj)
                [!provide]                        PROVIDE (__rel_iplt_end = .)

.rela.plt       0x0000000000000000        0x0
 *(SORT_BY_ALIGNMENT(.rela.plt))
                [!provide]                        PROVIDE (__rela_iplt_start = .)
 *(SORT_BY_ALIGNMENT(.rela.iplt))
                [!provide]                        PROVIDE (__rela_iplt_end = .)

.rel.dyn
 *(SORT_BY_ALIGNMENT(.rel.*))

.rela.dyn
 *(SORT_BY_ALIGNMENT(.rela.*))

/DISCARD/
 *(SORT_BY_ALIGNMENT(.plt))

/DISCARD/
 *(SORT_BY_ALIGNMENT(.iplt))
                0x0000000000000000                __rom_region_start = 0x0

rom_start       0x0000000000000000      0x100
                0x0000000000000000                __rom_start_address = .
 FILL mask 0x00
                0x0000000000000000                . = (. + (0x0 - (. - __rom_start_address)))
                0x0000000000000000                . = ALIGN (0x4)
                0x0000000000000000                . = ALIGN (0x80)
                0x0000000000000000                . = ALIGN (0x100)
                0x0000000000000000                _vector_start = .
 *(SORT_BY_ALIGNMENT(.exc_vector_table))
 *(SORT_BY_ALIGNMENT(.exc_vector_table.*))
 .exc_vector_table._vector_table_section
                0x0000000000000000       0x40 zephyr/arch/arch/arm/core/cortex_m/libarch__arm__core__cortex_m.a(vector_table.S.obj)
                0x0000000000000000                _vector_table
 *(SORT_BY_ALIGNMENT(.vectors))
                0x0000000000000100                _vector_end = .
                0x0000000000000040                . = ALIGN (0x4)
 *(SORT_BY_ALIGNMENT(.gnu.linkonce.irq_vector_table*))
 .gnu.linkonce.irq_vector_table
                0x0000000000000040       0xc0 zephyr/arch/common/libisr_tables.a(isr_tables.c.obj)
                0x0000000000000040                _irq_vector_table
                0x0000000000000100                _vector_end = .

text            0x0000000000000100     0x44bc
                0x0000000000000100                __text_region_start = .
 *(SORT_BY_ALIGNMENT(.text))
 *(SORT_BY_ALIGNMENT(.text.*))
 .text.main     0x0000000000000100       0x40 app/libapp.a(main.c.obj)
                0x0000000000000100                main
 .text.char_out
                0x0000000000000140        0xc zephyr/libzephyr.a(printk.c.obj)
 .text.__printk_hook_install
                0x000000000000014c        0xc zephyr/libzephyr.a(printk.c.obj)
                0x000000000000014c                __printk_hook_install
 .text.vprintk  0x0000000000000158       0x30 zephyr/libzephyr.a(printk.c.obj)
                0x0000000000000158                vprintk
 .text.z_thread_entry
                0x0000000000000188       0x34 zephyr/libzephyr.a(thread_entry.c.obj)
                0x0000000000000188                z_thread_entry
 .text.process_event
                0x00000000000001bc      0x21c zephyr/libzephyr.a(onoff.c.obj)
 .text.mem_attr_get_regions
                0x00000000000003d8        0xc zephyr/libzephyr.a(mem_attr.c.obj)
                0x00000000000003d8                mem_attr_get_regions
 .text.ncs_boot_banner
                0x00000000000003e4       0x1c zephyr/libzephyr.a(banner.c.obj)
 .text.arch_bss_zero
                0x0000000000000400       0x18 zephyr/arch/common/libarch__common.a(init.c.obj)
                0x0000000000000400                arch_bss_zero
 .text.arch_data_copy
                0x0000000000000418       0x38 zephyr/arch/common/libarch__common.a(xip.c.obj)
                0x0000000000000418                arch_data_copy
 .text.z_arm_fatal_error
                0x0000000000000450       0x60 zephyr/arch/arch/arm/core/libarch__arm__core.a(fatal.c.obj)
                0x0000000000000450                z_arm_fatal_error
 .text.z_SysNmiOnReset
                0x00000000000004b0        0x8 zephyr/arch/arch/arm/core/libarch__arm__core.a(nmi_on_reset.S.obj)
                0x00000000000004b0                z_SysNmiOnReset
 .text.arch_tls_stack_setup
                0x00000000000004b8       0x40 zephyr/arch/arch/arm/core/libarch__arm__core.a(tls.c.obj)
                0x00000000000004b8                arch_tls_stack_setup
 .text._HandlerModeExit
                0x00000000000004f8       0x20 zephyr/arch/arch/arm/core/cortex_m/libarch__arm__core__cortex_m.a(exc_exit.c.obj)
                0x00000000000004f8                z_arm_exc_exit
                0x00000000000004f8                z_arm_int_exit
 .text.mem_manage_fault
                0x0000000000000518       0xf0 zephyr/arch/arch/arm/core/cortex_m/libarch__arm__core__cortex_m.a(fault.c.obj)
 .text.usage_fault.constprop.0
                0x0000000000000608       0x98 zephyr/arch/arch/arm/core/cortex_m/libarch__arm__core__cortex_m.a(fault.c.obj)
 .text.bus_fault.constprop.0
                0x00000000000006a0       0xb8 zephyr/arch/arch/arm/core/cortex_m/libarch__arm__core__cortex_m.a(fault.c.obj)
 .text.z_arm_fault
                0x0000000000000758      0x1a0 zephyr/arch/arch/arm/core/cortex_m/libarch__arm__core__cortex_m.a(fault.c.obj)
                0x0000000000000758                z_arm_fault
 .text.z_arm_fault_init
                0x00000000000008f8       0x18 zephyr/arch/arch/arm/core/cortex_m/libarch__arm__core__cortex_m.a(fault.c.obj)
                0x00000000000008f8                z_arm_fault_init
 .text.__fault  0x0000000000000910       0x14 zephyr/arch/arch/arm/core/cortex_m/libarch__arm__core__cortex_m.a(fault_s.S.obj)
                0x0000000000000910                z_arm_bus_fault
                0x0000000000000910                z_arm_usage_fault
                0x0000000000000910                z_arm_mpu_fault
                0x0000000000000910                z_arm_exc_spurious
                0x0000000000000910                z_arm_debug_monitor
                0x0000000000000910                z_arm_hard_fault
 .text._reset_section
                0x0000000000000924       0x54 zephyr/arch/arch/arm/core/cortex_m/libarch__arm__core__cortex_m.a(reset.S.obj)
                0x0000000000000924                z_arm_reset
                0x0000000000000924                __start
 .text.z_arm_clear_arm_mpu_config
                0x0000000000000978       0x24 zephyr/arch/arch/arm/core/cortex_m/libarch__arm__core__cortex_m.a(scb.c.obj)
                0x0000000000000978                z_arm_clear_arm_mpu_config
 .text.z_arm_init_arch_hw_at_boot
                0x000000000000099c       0x64 zephyr/arch/arch/arm/core/cortex_m/libarch__arm__core__cortex_m.a(scb.c.obj)
                0x000000000000099c                z_arm_init_arch_hw_at_boot
 .text.z_impl_k_thread_abort
                0x0000000000000a00       0x2c zephyr/arch/arch/arm/core/cortex_m/libarch__arm__core__cortex_m.a(thread_abort.c.obj)
                0x0000000000000a00                z_impl_k_thread_abort
 .text.z_arm_pendsv
                0x0000000000000a2c       0x60 zephyr/arch/arch/arm/core/cortex_m/libarch__arm__core__cortex_m.a(swap_helper.S.obj)
                0x0000000000000a2c                z_arm_pendsv
 .text.z_arm_svc
                0x0000000000000a8c       0x24 zephyr/arch/arch/arm/core/cortex_m/libarch__arm__core__cortex_m.a(swap_helper.S.obj)
                0x0000000000000a8c                z_arm_svc
 .text.arm_irq_enable
                0x0000000000000ab0       0x1c zephyr/arch/arch/arm/core/cortex_m/libarch__arm__core__cortex_m.a(irq_manage.c.obj)
                0x0000000000000ab0                arm_irq_enable
 .text.arm_irq_is_enabled
                0x0000000000000acc       0x1c zephyr/arch/arch/arm/core/cortex_m/libarch__arm__core__cortex_m.a(irq_manage.c.obj)
                0x0000000000000acc                arm_irq_is_enabled
 .text.arm_irq_priority_set
                0x0000000000000ae8       0x30 zephyr/arch/arch/arm/core/cortex_m/libarch__arm__core__cortex_m.a(irq_manage.c.obj)
                0x0000000000000ae8                arm_irq_priority_set
 .text.relocate_vector_table
                0x0000000000000b18       0x1c zephyr/arch/arch/arm/core/cortex_m/libarch__arm__core__cortex_m.a(prep_c.c.obj)
                0x0000000000000b18                relocate_vector_table
 .text.z_prep_c
                0x0000000000000b34       0x28 zephyr/arch/arch/arm/core/cortex_m/libarch__arm__core__cortex_m.a(prep_c.c.obj)
                0x0000000000000b34                z_prep_c
 .text.arch_new_thread
                0x0000000000000b5c       0x38 zephyr/arch/arch/arm/core/cortex_m/libarch__arm__core__cortex_m.a(thread.c.obj)
                0x0000000000000b5c                arch_new_thread
 .text.z_check_thread_stack_fail
                0x0000000000000b94       0x2c zephyr/arch/arch/arm/core/cortex_m/libarch__arm__core__cortex_m.a(thread.c.obj)
                0x0000000000000b94                z_check_thread_stack_fail
 .text.arch_switch_to_main_thread
                0x0000000000000bc0       0x3c zephyr/arch/arch/arm/core/cortex_m/libarch__arm__core__cortex_m.a(thread.c.obj)
                0x0000000000000bc0                arch_switch_to_main_thread
 .text.z_arm_cpu_idle_init
                0x0000000000000bfc        0xc zephyr/arch/arch/arm/core/cortex_m/libarch__arm__core__cortex_m.a(cpu_idle.c.obj)
                0x0000000000000bfc                z_arm_cpu_idle_init
 .text.z_arm_interrupt_init
                0x0000000000000c08       0x18 zephyr/arch/arch/arm/core/cortex_m/libarch__arm__core__cortex_m.a(irq_init.c.obj)
                0x0000000000000c08                z_arm_interrupt_init
 .text._isr_wrapper
                0x0000000000000c20       0x24 zephyr/arch/arch/arm/core/cortex_m/libarch__arm__core__cortex_m.a(isr_wrapper.c.obj)
                0x0000000000000c20                _isr_wrapper
 .text.z_arm_configure_static_mpu_regions
                0x0000000000000c44       0x18 zephyr/arch/arch/arm/core/mpu/libarch__arm__core__mpu.a(arm_core_mpu.c.obj)
                0x0000000000000c44                z_arm_configure_static_mpu_regions
 .text.z_arm_configure_dynamic_mpu_regions
                0x0000000000000c5c       0x20 zephyr/arch/arch/arm/core/mpu/libarch__arm__core__mpu.a(arm_core_mpu.c.obj)
                0x0000000000000c5c                z_arm_configure_dynamic_mpu_regions
 .text.region_init
                0x0000000000000c7c       0x28 zephyr/arch/arch/arm/core/mpu/libarch__arm__core__mpu.a(arm_mpu.c.obj)
 .text.mpu_configure_regions
                0x0000000000000ca4       0x6c zephyr/arch/arch/arm/core/mpu/libarch__arm__core__mpu.a(arm_mpu.c.obj)
 .text.arm_core_mpu_enable
                0x0000000000000d10       0x18 zephyr/arch/arch/arm/core/mpu/libarch__arm__core__mpu.a(arm_mpu.c.obj)
                0x0000000000000d10                arm_core_mpu_enable
 .text.arm_core_mpu_disable
                0x0000000000000d28       0x14 zephyr/arch/arch/arm/core/mpu/libarch__arm__core__mpu.a(arm_mpu.c.obj)
                0x0000000000000d28                arm_core_mpu_disable
 .text.arm_core_mpu_configure_static_mpu_regions
                0x0000000000000d3c       0x14 zephyr/arch/arch/arm/core/mpu/libarch__arm__core__mpu.a(arm_mpu.c.obj)
                0x0000000000000d3c                arm_core_mpu_configure_static_mpu_regions
 .text.arm_core_mpu_configure_dynamic_mpu_regions
                0x0000000000000d50       0x38 zephyr/arch/arch/arm/core/mpu/libarch__arm__core__mpu.a(arm_mpu.c.obj)
                0x0000000000000d50                arm_core_mpu_configure_dynamic_mpu_regions
 .text.z_arm_mpu_init
                0x0000000000000d88      0x188 zephyr/arch/arch/arm/core/mpu/libarch__arm__core__mpu.a(arm_mpu.c.obj)
                0x0000000000000d88                z_arm_mpu_init
 .text.z_impl_zephyr_fputc
                0x0000000000000f10       0x10 zephyr/lib/libc/picolibc/liblib__libc__picolibc.a(stdio.c.obj)
                0x0000000000000f10                z_impl_zephyr_fputc
 .text.__stdout_hook_install
                0x0000000000000f20       0x18 zephyr/lib/libc/picolibc/liblib__libc__picolibc.a(stdio.c.obj)
                0x0000000000000f20                __stdout_hook_install
 .text.malloc_prepare
                0x0000000000000f38       0x24 zephyr/lib/libc/common/liblib__libc__common.a(malloc.c.obj)
 .text.nordicsemi_nrf52_init
                0x0000000000000f5c       0x18 zephyr/soc/soc/nrf52833/libsoc__nordic.a(soc.c.obj)
 .text.arch_busy_wait
                0x0000000000000f74       0x24 zephyr/soc/soc/nrf52833/libsoc__nordic.a(soc.c.obj)
                0x0000000000000f74                arch_busy_wait
 .text.onoff_stop
                0x0000000000000f98       0x30 zephyr/drivers/clock_control/libdrivers__clock_control.a(clock_control_nrf.c.obj)
 .text.onoff_start
                0x0000000000000fc8       0x44 zephyr/drivers/clock_control/libdrivers__clock_control.a(clock_control_nrf.c.obj)
 .text.clk_init
                0x000000000000100c       0x58 zephyr/drivers/clock_control/libdrivers__clock_control.a(clock_control_nrf.c.obj)
 .text.api_blocking_start
                0x0000000000001064       0x34 zephyr/drivers/clock_control/libdrivers__clock_control.a(clock_control_nrf.c.obj)
 .text.generic_hfclk_stop
                0x0000000000001098       0x34 zephyr/drivers/clock_control/libdrivers__clock_control.a(clock_control_nrf.c.obj)
 .text.clkstarted_handle.constprop.0
                0x00000000000010cc       0x4c zephyr/drivers/clock_control/libdrivers__clock_control.a(clock_control_nrf.c.obj)
 .text.generic_hfclk_start
                0x0000000000001118       0x78 zephyr/drivers/clock_control/libdrivers__clock_control.a(clock_control_nrf.c.obj)
 .text.clock_event_handler
                0x0000000000001190       0x1c zephyr/drivers/clock_control/libdrivers__clock_control.a(clock_control_nrf.c.obj)
 .text.z_nrf_clock_control_lf_on
                0x00000000000011ac       0xfc zephyr/drivers/clock_control/libdrivers__clock_control.a(clock_control_nrf.c.obj)
                0x00000000000011ac                z_nrf_clock_control_lf_on
 .text.uart_console_init
                0x00000000000012a8       0x28 zephyr/drivers/console/libdrivers__console.a(uart_console.c.obj)
 .text.console_out
                0x00000000000012d0       0x28 zephyr/drivers/console/libdrivers__console.a(uart_console.c.obj)
 .text.gpio_nrfx_pin_interrupt_configure
                0x00000000000012f8      0x104 zephyr/drivers/gpio/libdrivers__gpio.a(gpio_nrfx.c.obj)
 .text.nrfx_gpio_handler
                0x00000000000013fc       0x4c zephyr/drivers/gpio/libdrivers__gpio.a(gpio_nrfx.c.obj)
 .text.gpio_nrfx_init
                0x0000000000001448       0x3c zephyr/drivers/gpio/libdrivers__gpio.a(gpio_nrfx.c.obj)
 .text.gpio_nrfx_pin_configure
                0x0000000000001484      0x180 zephyr/drivers/gpio/libdrivers__gpio.a(gpio_nrfx.c.obj)
 .text.nrf_gpio_pin_port_decode
                0x0000000000001604       0x20 zephyr/drivers/pinctrl/libdrivers__pinctrl.a(pinctrl_nrf.c.obj)
 .text.pinctrl_configure_pins
                0x0000000000001624      0x15c zephyr/drivers/pinctrl/libdrivers__pinctrl.a(pinctrl_nrf.c.obj)
                0x0000000000001624                pinctrl_configure_pins
 .text.uart_nrfx_poll_in
                0x0000000000001780       0x24 zephyr/drivers/serial/libdrivers__serial.a(uart_nrfx_uart.c.obj)
 .text.uart_nrfx_err_check
                0x00000000000017a4       0x10 zephyr/drivers/serial/libdrivers__serial.a(uart_nrfx_uart.c.obj)
 .text.uart_nrfx_poll_out
                0x00000000000017b4       0x7c zephyr/drivers/serial/libdrivers__serial.a(uart_nrfx_uart.c.obj)
 .text.uart_nrfx_init
                0x0000000000001830      0x1bc zephyr/drivers/serial/libdrivers__serial.a(uart_nrfx_uart.c.obj)
 .text.compare_int_lock
                0x00000000000019ec       0x48 zephyr/drivers/timer/libdrivers__timer.a(nrf_rtc_timer.c.obj)
 .text.sys_clock_timeout_handler
                0x0000000000001a34       0x48 zephyr/drivers/timer/libdrivers__timer.a(nrf_rtc_timer.c.obj)
 .text.compare_int_unlock
                0x0000000000001a7c       0x5c zephyr/drivers/timer/libdrivers__timer.a(nrf_rtc_timer.c.obj)
 .text.z_nrf_rtc_timer_read
                0x0000000000001ad8       0x44 zephyr/drivers/timer/libdrivers__timer.a(nrf_rtc_timer.c.obj)
                0x0000000000001ad8                z_nrf_rtc_timer_read
 .text.compare_set
                0x0000000000001b1c      0x130 zephyr/drivers/timer/libdrivers__timer.a(nrf_rtc_timer.c.obj)
 .text.sys_clock_driver_init
                0x0000000000001c4c       0x90 zephyr/drivers/timer/libdrivers__timer.a(nrf_rtc_timer.c.obj)
 .text.rtc_nrf_isr
                0x0000000000001cdc       0xd4 zephyr/drivers/timer/libdrivers__timer.a(nrf_rtc_timer.c.obj)
                0x0000000000001cdc                rtc_nrf_isr
 .text.sys_clock_set_timeout
                0x0000000000001db0       0x5c zephyr/drivers/timer/libdrivers__timer.a(nrf_rtc_timer.c.obj)
                0x0000000000001db0                sys_clock_set_timeout
 .text.sys_clock_elapsed
                0x0000000000001e0c       0x14 zephyr/drivers/timer/libdrivers__timer.a(nrf_rtc_timer.c.obj)
                0x0000000000001e0c                sys_clock_elapsed
 .text.nvmc_wait
                0x0000000000001e20       0x10 modules/hal_nordic/modules/hal_nordic/nrfx/libnrfx.a(system_nrf52833.c.obj)
                0x0000000000001e20                nvmc_wait
 .text.SystemInit
                0x0000000000001e30      0x14c modules/hal_nordic/modules/hal_nordic/nrfx/libnrfx.a(system_nrf52833.c.obj)
                0x0000000000001e30                SystemInit
 .text.hfclk_event_handler
                0x0000000000001f7c        0xc modules/hal_nordic/modules/hal_nordic/nrfx/libnrfx.a(nrfx_clock.c.obj)
 .text.lfclk_event_handler
                0x0000000000001f88        0xc modules/hal_nordic/modules/hal_nordic/nrfx/libnrfx.a(nrfx_clock.c.obj)
 .text.nrfx_clock_init
                0x0000000000001f94       0x40 modules/hal_nordic/modules/hal_nordic/nrfx/libnrfx.a(nrfx_clock.c.obj)
                0x0000000000001f94                nrfx_clock_init
 .text.nrfx_clock_enable
                0x0000000000001fd4       0x20 modules/hal_nordic/modules/hal_nordic/nrfx/libnrfx.a(nrfx_clock.c.obj)
                0x0000000000001fd4                nrfx_clock_enable
 .text.nrfx_clock_hfclk_init
                0x0000000000001ff4       0x1c modules/hal_nordic/modules/hal_nordic/nrfx/libnrfx.a(nrfx_clock_hfclk.c.obj)
                0x0000000000001ff4                nrfx_clock_hfclk_init
 .text.nrfx_clock_hfclk_start
                0x0000000000002010       0x38 modules/hal_nordic/modules/hal_nordic/nrfx/libnrfx.a(nrfx_clock_hfclk.c.obj)
                0x0000000000002010                nrfx_clock_hfclk_start
 .text.nrfx_clock_hfclk_irq_handler
                0x0000000000002048       0x30 modules/hal_nordic/modules/hal_nordic/nrfx/libnrfx.a(nrfx_clock_hfclk.c.obj)
                0x0000000000002048                nrfx_clock_hfclk_irq_handler
 .text.nrfx_clock_lfclk_init
                0x0000000000002078       0x24 modules/hal_nordic/modules/hal_nordic/nrfx/libnrfx.a(nrfx_clock_lfclk.c.obj)
                0x0000000000002078                nrfx_clock_lfclk_init
 .text.nrfx_clock_lfclk_start
                0x000000000000209c       0x80 modules/hal_nordic/modules/hal_nordic/nrfx/libnrfx.a(nrfx_clock_lfclk.c.obj)
                0x000000000000209c                nrfx_clock_lfclk_start
 .text.nrfx_clock_lfclk_irq_handler
                0x000000000000211c       0x70 modules/hal_nordic/modules/hal_nordic/nrfx/libnrfx.a(nrfx_clock_lfclk.c.obj)
                0x000000000000211c                nrfx_clock_lfclk_irq_handler
 .text.nrf_gpio_pin_port_decode
                0x000000000000218c       0x20 modules/hal_nordic/modules/hal_nordic/nrfx/libnrfx.a(nrfx_gpiote.c.obj)
 .text.get_pin_idx
                0x00000000000021ac       0x14 modules/hal_nordic/modules/hal_nordic/nrfx/libnrfx.a(nrfx_gpiote.c.obj)
 .text.latch_pending_read_and_check
                0x00000000000021c0       0x64 modules/hal_nordic/modules/hal_nordic/nrfx/libnrfx.a(nrfx_gpiote.c.obj)
 .text.pin_uninit
                0x0000000000002224       0x7c modules/hal_nordic/modules/hal_nordic/nrfx/libnrfx.a(nrfx_gpiote.c.obj)
 .text.nrfx_gpiote_channel_free
                0x00000000000022a0        0xc modules/hal_nordic/modules/hal_nordic/nrfx/libnrfx.a(nrfx_gpiote.c.obj)
                0x00000000000022a0                nrfx_gpiote_channel_free
 .text.nrfx_gpiote_channel_alloc
                0x00000000000022ac       0x18 modules/hal_nordic/modules/hal_nordic/nrfx/libnrfx.a(nrfx_gpiote.c.obj)
                0x00000000000022ac                nrfx_gpiote_channel_alloc
 .text.nrfx_gpiote_irq_handler
                0x00000000000022c4      0x1d0 modules/hal_nordic/modules/hal_nordic/nrfx/libnrfx.a(nrfx_gpiote.c.obj)
                0x00000000000022c4                nrfx_gpiote_irq_handler
 .text.z_fatal_error
                0x0000000000002494       0x30 zephyr/kernel/libkernel.a(fatal.c.obj)
                0x0000000000002494                z_fatal_error
 .text.z_sys_init_run_level
                0x00000000000024c4       0x30 zephyr/kernel/libkernel.a(init.c.obj)
 .text.bg_thread_main
                0x00000000000024f4       0xc0 zephyr/kernel/libkernel.a(init.c.obj)
 .text.z_init_cpu
                0x00000000000025b4       0x70 zephyr/kernel/libkernel.a(init.c.obj)
                0x00000000000025b4                z_init_cpu
 .text.z_cstart
                0x0000000000002624       0xcc zephyr/kernel/libkernel.a(init.c.obj)
                0x0000000000002624                z_cstart
 .text.z_impl_k_sem_give
                0x00000000000026f0       0x68 zephyr/kernel/libkernel.a(sem.c.obj)
                0x00000000000026f0                z_impl_k_sem_give
 .text.z_impl_k_sem_take
                0x0000000000002758       0x4c zephyr/kernel/libkernel.a(sem.c.obj)
                0x0000000000002758                z_impl_k_sem_take
 .text.z_setup_new_thread
                0x00000000000027a4       0x98 zephyr/kernel/libkernel.a(thread.c.obj)
                0x00000000000027a4                z_setup_new_thread
 .text.z_dummy_thread_init
                0x000000000000283c       0x18 zephyr/kernel/libkernel.a(thread.c.obj)
                0x000000000000283c                z_dummy_thread_init
 .text.z_swap_irqlock
                0x0000000000002854       0x30 zephyr/kernel/libkernel.a(sched.c.obj)
 .text.ready_thread
                0x0000000000002884       0x84 zephyr/kernel/libkernel.a(sched.c.obj)
 .text.unready_thread
                0x0000000000002908       0x54 zephyr/kernel/libkernel.a(sched.c.obj)
 .text.add_thread_timeout
                0x000000000000295c       0x1c zephyr/kernel/libkernel.a(sched.c.obj)
 .text.move_current_to_end_of_prio_q
                0x0000000000002978       0x70 zephyr/kernel/libkernel.a(sched.c.obj)
                0x0000000000002978                move_current_to_end_of_prio_q
 .text.z_pend_curr
                0x00000000000029e8       0x44 zephyr/kernel/libkernel.a(sched.c.obj)
                0x00000000000029e8                z_pend_curr
 .text.z_reschedule
                0x0000000000002a2c       0x24 zephyr/kernel/libkernel.a(sched.c.obj)
                0x0000000000002a2c                z_reschedule
 .text.z_reschedule_irqlock
                0x0000000000002a50       0x28 zephyr/kernel/libkernel.a(sched.c.obj)
                0x0000000000002a50                z_reschedule_irqlock
 .text.k_sched_lock
                0x0000000000002a78       0x28 zephyr/kernel/libkernel.a(sched.c.obj)
                0x0000000000002a78                k_sched_lock
 .text.k_sched_unlock
                0x0000000000002aa0       0x68 zephyr/kernel/libkernel.a(sched.c.obj)
                0x0000000000002aa0                k_sched_unlock
 .text.z_sched_init
                0x0000000000002b08       0x10 zephyr/kernel/libkernel.a(sched.c.obj)
                0x0000000000002b08                z_sched_init
 .text.z_impl_k_yield
                0x0000000000002b18       0x88 zephyr/kernel/libkernel.a(sched.c.obj)
                0x0000000000002b18                z_impl_k_yield
 .text.z_tick_sleep
                0x0000000000002ba0       0x78 zephyr/kernel/libkernel.a(sched.c.obj)
 .text.z_impl_k_wakeup
                0x0000000000002c18       0x48 zephyr/kernel/libkernel.a(sched.c.obj)
                0x0000000000002c18                z_impl_k_wakeup
 .text.z_impl_k_sched_current_thread_query
                0x0000000000002c60        0xc zephyr/kernel/libkernel.a(sched.c.obj)
                0x0000000000002c60                z_impl_k_sched_current_thread_query
 .text.z_thread_abort
                0x0000000000002c6c      0x140 zephyr/kernel/libkernel.a(sched.c.obj)
                0x0000000000002c6c                z_thread_abort
 .text.z_time_slice_size
                0x0000000000002dac       0x40 zephyr/kernel/libkernel.a(timeslicing.c.obj)
 .text.slice_timeout
                0x0000000000002dec       0x20 zephyr/kernel/libkernel.a(timeslicing.c.obj)
 .text.z_reset_time_slice
                0x0000000000002e0c       0x48 zephyr/kernel/libkernel.a(timeslicing.c.obj)
                0x0000000000002e0c                z_reset_time_slice
 .text.z_time_slice
                0x0000000000002e54       0x5c zephyr/kernel/libkernel.a(timeslicing.c.obj)
                0x0000000000002e54                z_time_slice
 .text.first    0x0000000000002eb0       0x10 zephyr/kernel/libkernel.a(timeout.c.obj)
 .text.elapsed  0x0000000000002ec0       0x14 zephyr/kernel/libkernel.a(timeout.c.obj)
 .text.remove_timeout
                0x0000000000002ed4       0x38 zephyr/kernel/libkernel.a(timeout.c.obj)
 .text.z_add_timeout
                0x0000000000002f0c      0x120 zephyr/kernel/libkernel.a(timeout.c.obj)
                0x0000000000002f0c                z_add_timeout
 .text.sys_clock_announce
                0x000000000000302c       0xc0 zephyr/kernel/libkernel.a(timeout.c.obj)
                0x000000000000302c                sys_clock_announce
 .text.sys_clock_tick_get
                0x00000000000030ec       0x30 zephyr/kernel/libkernel.a(timeout.c.obj)
                0x00000000000030ec                sys_clock_tick_get
 .text.__l_vfprintf
                0x000000000000311c      0x4b8 /opt/nordic/ncs/toolchains/0c0f19d91c/opt/zephyr-sdk/arm-zephyr-eabi/bin/../lib/gcc/../../picolibc/arm-zephyr-eabi/lib/thumb/v7e-m/nofp/libc.a(libc_tinystdio_vflprintf.c.o)
                0x000000000000311c                __l_vfprintf
 .text._OffsetAbsSyms
                0x00000000000035d4        0x2 zephyr/CMakeFiles/offsets.dir/./arch/arm/core/offsets/offsets.c.obj
                0x00000000000035d4                _OffsetAbsSyms
 .text.chunk_field
                0x00000000000035d6       0x16 zephyr/libzephyr.a(heap.c.obj)
 .text.chunk_set
                0x00000000000035ec       0x16 zephyr/libzephyr.a(heap.c.obj)
 .text.chunk_size
                0x0000000000003602        0xc zephyr/libzephyr.a(heap.c.obj)
 .text.set_chunk_used
                0x000000000000360e       0x30 zephyr/libzephyr.a(heap.c.obj)
 .text.set_chunk_size
                0x000000000000363e        0x8 zephyr/libzephyr.a(heap.c.obj)
 .text.bucket_idx
                0x0000000000003646       0x1e zephyr/libzephyr.a(heap.c.obj)
 .text.free_list_add
                0x0000000000003664       0x84 zephyr/libzephyr.a(heap.c.obj)
 .text.sys_heap_init
                0x00000000000036e8       0xb0 zephyr/libzephyr.a(heap.c.obj)
                0x00000000000036e8                sys_heap_init
 .text.arch_printk_char_out
                0x0000000000003798        0x4 zephyr/libzephyr.a(printk.c.obj)
                0x0000000000003798                arch_printk_char_out
 .text.printk   0x000000000000379c       0x1a zephyr/libzephyr.a(printk.c.obj)
                0x000000000000379c                printk
 .text.process_recheck
                0x00000000000037b6       0x38 zephyr/libzephyr.a(onoff.c.obj)
 .text.validate_args
                0x00000000000037ee       0x20 zephyr/libzephyr.a(onoff.c.obj)
 .text.notify_one
                0x000000000000380e       0x2c zephyr/libzephyr.a(onoff.c.obj)
 .text.transition_complete
                0x000000000000383a       0x1a zephyr/libzephyr.a(onoff.c.obj)
 .text.onoff_manager_init
                0x0000000000003854       0x26 zephyr/libzephyr.a(onoff.c.obj)
                0x0000000000003854                onoff_manager_init
 .text.onoff_request
                0x000000000000387a       0xae zephyr/libzephyr.a(onoff.c.obj)
                0x000000000000387a                onoff_request
 .text.sys_notify_validate
                0x0000000000003928       0x22 zephyr/libzephyr.a(notify.c.obj)
                0x0000000000003928                sys_notify_validate
 .text.sys_notify_finalize
                0x000000000000394a       0x1a zephyr/libzephyr.a(notify.c.obj)
                0x000000000000394a                sys_notify_finalize
 .text._ConfigAbsSyms
                0x0000000000003964        0x2 zephyr/libzephyr.a(configs.c.obj)
                0x0000000000003964                _ConfigAbsSyms
 .text.arch_early_memset
                0x0000000000003966        0x4 zephyr/arch/common/libarch__common.a(init.c.obj)
                0x0000000000003966                arch_early_memset
 .text.arch_early_memcpy
                0x000000000000396a        0x4 zephyr/arch/common/libarch__common.a(init.c.obj)
                0x000000000000396a                arch_early_memcpy
 .text.z_do_kernel_oops
                0x000000000000396e        0x8 zephyr/arch/arch/arm/core/libarch__arm__core.a(fatal.c.obj)
                0x000000000000396e                z_do_kernel_oops
 .text.z_arm_nmi
                0x0000000000003976        0xe zephyr/arch/arch/arm/core/libarch__arm__core.a(nmi.c.obj)
                0x0000000000003976                z_arm_nmi
 .text.z_irq_spurious
                0x0000000000003984        0x8 zephyr/arch/arch/arm/core/cortex_m/libarch__arm__core__cortex_m.a(irq_manage.c.obj)
                0x0000000000003984                z_irq_spurious
 .text.arch_coprocessors_disable
                0x000000000000398c        0x6 zephyr/arch/arch/arm/core/cortex_m/libarch__arm__core__cortex_m.a(thread.c.obj)
                0x000000000000398c                arch_coprocessors_disable
 .text.arch_irq_unlock_outlined
                0x0000000000003992        0xe zephyr/arch/arch/arm/core/cortex_m/libarch__arm__core__cortex_m.a(thread.c.obj)
                0x0000000000003992                arch_irq_unlock_outlined
 .text.arch_cpu_idle
                0x00000000000039a0       0x1a zephyr/arch/arch/arm/core/cortex_m/libarch__arm__core__cortex_m.a(cpu_idle.c.obj)
                0x00000000000039a0                arch_cpu_idle
 .text.arch_cpu_atomic_idle
                0x00000000000039ba       0x1e zephyr/arch/arch/arm/core/cortex_m/libarch__arm__core__cortex_m.a(cpu_idle.c.obj)
                0x00000000000039ba                arch_cpu_atomic_idle
 .text.size_to_mpu_rasr_size
                0x00000000000039d8       0x20 zephyr/arch/arch/arm/core/mpu/libarch__arm__core__mpu.a(arm_mpu.c.obj)
 .text.picolibc_put
                0x00000000000039f8        0xa zephyr/lib/libc/picolibc/liblib__libc__picolibc.a(stdio.c.obj)
 .text.get_status
                0x0000000000003a02       0x12 zephyr/drivers/clock_control/libdrivers__clock_control.a(clock_control_nrf.c.obj)
 .text.stop     0x0000000000003a14       0x52 zephyr/drivers/clock_control/libdrivers__clock_control.a(clock_control_nrf.c.obj)
 .text.api_stop
                0x0000000000003a66        0x6 zephyr/drivers/clock_control/libdrivers__clock_control.a(clock_control_nrf.c.obj)
 .text.async_start
                0x0000000000003a6c       0x5c zephyr/drivers/clock_control/libdrivers__clock_control.a(clock_control_nrf.c.obj)
 .text.api_start
                0x0000000000003ac8        0xe zephyr/drivers/clock_control/libdrivers__clock_control.a(clock_control_nrf.c.obj)
 .text.onoff_started_callback
                0x0000000000003ad6       0x12 zephyr/drivers/clock_control/libdrivers__clock_control.a(clock_control_nrf.c.obj)
 .text.blocking_start_callback
                0x0000000000003ae8        0x6 zephyr/drivers/clock_control/libdrivers__clock_control.a(clock_control_nrf.c.obj)
 .text.lfclk_stop
                0x0000000000003aee        0x4 zephyr/drivers/clock_control/libdrivers__clock_control.a(clock_control_nrf.c.obj)
 .text.lfclk_start
                0x0000000000003af2        0x4 zephyr/drivers/clock_control/libdrivers__clock_control.a(clock_control_nrf.c.obj)
 .text.gpio_nrfx_port_get_raw
                0x0000000000003af6        0xe zephyr/drivers/gpio/libdrivers__gpio.a(gpio_nrfx.c.obj)
 .text.gpio_nrfx_port_set_masked_raw
                0x0000000000003b04       0x18 zephyr/drivers/gpio/libdrivers__gpio.a(gpio_nrfx.c.obj)
 .text.gpio_nrfx_port_set_bits_raw
                0x0000000000003b1c        0xc zephyr/drivers/gpio/libdrivers__gpio.a(gpio_nrfx.c.obj)
 .text.gpio_nrfx_port_clear_bits_raw
                0x0000000000003b28        0xc zephyr/drivers/gpio/libdrivers__gpio.a(gpio_nrfx.c.obj)
 .text.gpio_nrfx_port_toggle_bits
                0x0000000000003b34       0x1a zephyr/drivers/gpio/libdrivers__gpio.a(gpio_nrfx.c.obj)
 .text.gpio_nrfx_manage_callback
                0x0000000000003b4e       0x52 zephyr/drivers/gpio/libdrivers__gpio.a(gpio_nrfx.c.obj)
 .text.gpio_nrfx_gpiote_irq_handler
                0x0000000000003ba0        0x4 zephyr/drivers/gpio/libdrivers__gpio.a(gpio_nrfx.c.obj)
                0x0000000000003ba0                gpio_nrfx_gpiote_irq_handler
 .text.pinctrl_lookup_state
                0x0000000000003ba4       0x26 zephyr/drivers/pinctrl/libdrivers__pinctrl.a(common.c.obj)
                0x0000000000003ba4                pinctrl_lookup_state
 .text.event_clear
                0x0000000000003bca       0x18 zephyr/drivers/timer/libdrivers__timer.a(nrf_rtc_timer.c.obj)
 .text.nrfx_isr
                0x0000000000003be2        0x6 modules/hal_nordic/modules/hal_nordic/nrfx/libnrfx.a(nrfx_glue.c.obj)
                0x0000000000003be2                nrfx_isr
 .text.nrfx_busy_wait
                0x0000000000003be8        0x4 modules/hal_nordic/modules/hal_nordic/nrfx/libnrfx.a(nrfx_glue.c.obj)
                0x0000000000003be8                nrfx_busy_wait
 .text.nrfx_flag32_alloc
                0x0000000000003bec       0x3c modules/hal_nordic/modules/hal_nordic/nrfx/libnrfx.a(nrfx_flag32_allocator.c.obj)
                0x0000000000003bec                nrfx_flag32_alloc
 .text.nrfx_flag32_free
                0x0000000000003c28       0x3a modules/hal_nordic/modules/hal_nordic/nrfx/libnrfx.a(nrfx_flag32_allocator.c.obj)
                0x0000000000003c28                nrfx_flag32_free
 .text.nrfx_clock_start
                0x0000000000003c62       0x10 modules/hal_nordic/modules/hal_nordic/nrfx/libnrfx.a(nrfx_clock.c.obj)
                0x0000000000003c62                nrfx_clock_start
 .text.nrfx_clock_stop
                0x0000000000003c72       0x10 modules/hal_nordic/modules/hal_nordic/nrfx/libnrfx.a(nrfx_clock.c.obj)
                0x0000000000003c72                nrfx_clock_stop
 .text.nrfx_power_clock_irq_handler
                0x0000000000003c82        0xe modules/hal_nordic/modules/hal_nordic/nrfx/libnrfx.a(nrfx_clock.c.obj)
                0x0000000000003c82                nrfx_power_clock_irq_handler
 .text.clock_stop
                0x0000000000003c90       0x38 modules/hal_nordic/modules/hal_nordic/nrfx/libnrfx.a(nrfx_clock_hfclk.c.obj)
 .text.nrfx_clock_hfclk_stop
                0x0000000000003cc8        0x4 modules/hal_nordic/modules/hal_nordic/nrfx/libnrfx.a(nrfx_clock_hfclk.c.obj)
                0x0000000000003cc8                nrfx_clock_hfclk_stop
 .text.clock_stop
                0x0000000000003ccc       0x32 modules/hal_nordic/modules/hal_nordic/nrfx/libnrfx.a(nrfx_clock_lfclk.c.obj)
 .text.nrfx_clock_lfclk_stop
                0x0000000000003cfe        0x4 modules/hal_nordic/modules/hal_nordic/nrfx/libnrfx.a(nrfx_clock_lfclk.c.obj)
                0x0000000000003cfe                nrfx_clock_lfclk_stop
 .text.nrf_gpio_reconfigure
                0x0000000000003d02       0x92 modules/hal_nordic/modules/hal_nordic/nrfx/libnrfx.a(nrfx_gpiote.c.obj)
 .text.nrf_gpio_cfg_sense_set
                0x0000000000003d94       0x1e modules/hal_nordic/modules/hal_nordic/nrfx/libnrfx.a(nrfx_gpiote.c.obj)
 .text.pin_in_use_by_te
                0x0000000000003db2       0x16 modules/hal_nordic/modules/hal_nordic/nrfx/libnrfx.a(nrfx_gpiote.c.obj)
 .text.pin_is_output
                0x0000000000003dc8       0x16 modules/hal_nordic/modules/hal_nordic/nrfx/libnrfx.a(nrfx_gpiote.c.obj)
 .text.pin_te_get
                0x0000000000003dde       0x14 modules/hal_nordic/modules/hal_nordic/nrfx/libnrfx.a(nrfx_gpiote.c.obj)
 .text.call_handler
                0x0000000000003df2       0x3e modules/hal_nordic/modules/hal_nordic/nrfx/libnrfx.a(nrfx_gpiote.c.obj)
 .text.release_handler
                0x0000000000003e30       0x54 modules/hal_nordic/modules/hal_nordic/nrfx/libnrfx.a(nrfx_gpiote.c.obj)
 .text.__nrfy_internal_gpiote_events_process
                0x0000000000003e84       0x50 modules/hal_nordic/modules/hal_nordic/nrfx/libnrfx.a(nrfx_gpiote.c.obj)
 .text.pin_trigger_disable
                0x0000000000003ed4       0x46 modules/hal_nordic/modules/hal_nordic/nrfx/libnrfx.a(nrfx_gpiote.c.obj)
 .text.nrfx_gpiote_input_configure
                0x0000000000003f1a      0x170 modules/hal_nordic/modules/hal_nordic/nrfx/libnrfx.a(nrfx_gpiote.c.obj)
                0x0000000000003f1a                nrfx_gpiote_input_configure
 .text.nrfx_gpiote_output_configure
                0x000000000000408a       0xf2 modules/hal_nordic/modules/hal_nordic/nrfx/libnrfx.a(nrfx_gpiote.c.obj)
                0x000000000000408a                nrfx_gpiote_output_configure
 .text.nrfx_gpiote_global_callback_set
                0x000000000000417c        0x6 modules/hal_nordic/modules/hal_nordic/nrfx/libnrfx.a(nrfx_gpiote.c.obj)
                0x000000000000417c                nrfx_gpiote_global_callback_set
 .text.nrfx_gpiote_channel_get
                0x0000000000004182       0x26 modules/hal_nordic/modules/hal_nordic/nrfx/libnrfx.a(nrfx_gpiote.c.obj)
                0x0000000000004182                nrfx_gpiote_channel_get
 .text.nrfx_gpiote_init
                0x00000000000041a8       0x38 modules/hal_nordic/modules/hal_nordic/nrfx/libnrfx.a(nrfx_gpiote.c.obj)
                0x00000000000041a8                nrfx_gpiote_init
 .text.nrfx_gpiote_init_check
                0x00000000000041e0        0xc modules/hal_nordic/modules/hal_nordic/nrfx/libnrfx.a(nrfx_gpiote.c.obj)
                0x00000000000041e0                nrfx_gpiote_init_check
 .text.nrfx_gpiote_pin_uninit
                0x00000000000041ec        0x4 modules/hal_nordic/modules/hal_nordic/nrfx/libnrfx.a(nrfx_gpiote.c.obj)
                0x00000000000041ec                nrfx_gpiote_pin_uninit
 .text.nrfx_gpiote_trigger_enable
                0x00000000000041f0       0xa6 modules/hal_nordic/modules/hal_nordic/nrfx/libnrfx.a(nrfx_gpiote.c.obj)
                0x00000000000041f0                nrfx_gpiote_trigger_enable
 .text.nrfx_gpiote_trigger_disable
                0x0000000000004296        0x4 modules/hal_nordic/modules/hal_nordic/nrfx/libnrfx.a(nrfx_gpiote.c.obj)
                0x0000000000004296                nrfx_gpiote_trigger_disable
 .text.z_impl_k_busy_wait
                0x000000000000429a        0x8 zephyr/kernel/libkernel.a(busy_wait.c.obj)
                0x000000000000429a                z_impl_k_busy_wait
 .text.do_device_init
                0x00000000000042a2       0x30 zephyr/kernel/libkernel.a(device.c.obj)
                0x00000000000042a2                do_device_init
 .text.z_impl_device_is_ready
                0x00000000000042d2       0x16 zephyr/kernel/libkernel.a(device.c.obj)
                0x00000000000042d2                z_impl_device_is_ready
 .text.arch_system_halt
                0x00000000000042e8       0x10 zephyr/kernel/libkernel.a(fatal.c.obj)
                0x00000000000042e8                arch_system_halt
 .text.k_sys_fatal_error_handler
                0x00000000000042f8        0x6 zephyr/kernel/libkernel.a(fatal.c.obj)
                0x00000000000042f8                k_sys_fatal_error_handler
 .text.idle     0x00000000000042fe       0x16 zephyr/kernel/libkernel.a(idle.c.obj)
                0x00000000000042fe                idle
 .text.k_is_in_isr
                0x0000000000004314        0xc zephyr/kernel/libkernel.a(thread.c.obj)
                0x0000000000004314                k_is_in_isr
 .text.sys_dlist_remove
                0x0000000000004320       0x10 zephyr/kernel/libkernel.a(sched.c.obj)
 .text.unpend_thread_no_timeout
                0x0000000000004330       0x14 zephyr/kernel/libkernel.a(sched.c.obj)
 .text.add_to_waitq_locked
                0x0000000000004344       0x50 zephyr/kernel/libkernel.a(sched.c.obj)
 .text.z_ready_thread
                0x0000000000004394       0x1e zephyr/kernel/libkernel.a(sched.c.obj)
                0x0000000000004394                z_ready_thread
 .text.z_sched_wake_thread
                0x00000000000043b2       0x3a zephyr/kernel/libkernel.a(sched.c.obj)
                0x00000000000043b2                z_sched_wake_thread
 .text.z_thread_timeout
                0x00000000000043ec        0x8 zephyr/kernel/libkernel.a(sched.c.obj)
                0x00000000000043ec                z_thread_timeout
 .text.z_impl_k_sleep
                0x00000000000043f4       0x42 zephyr/kernel/libkernel.a(sched.c.obj)
                0x00000000000043f4                z_impl_k_sleep
 .text.next_timeout
                0x0000000000004436       0x2e zephyr/kernel/libkernel.a(timeout.c.obj)
 .text.z_abort_timeout
                0x0000000000004464       0x50 zephyr/kernel/libkernel.a(timeout.c.obj)
                0x0000000000004464                z_abort_timeout
 .text.sys_clock_tick_get_32
                0x00000000000044b4        0x8 zephyr/kernel/libkernel.a(timeout.c.obj)
                0x00000000000044b4                sys_clock_tick_get_32
 .text.boot_banner
                0x00000000000044bc        0x2 zephyr/kernel/libkernel.a(banner.c.obj)
                0x00000000000044bc                boot_banner
 .text.memcpy   0x00000000000044be       0x1c /opt/nordic/ncs/toolchains/0c0f19d91c/opt/zephyr-sdk/arm-zephyr-eabi/bin/../lib/gcc/../../picolibc/arm-zephyr-eabi/lib/thumb/v7e-m/nofp/libc.a(memcpy.c.o)
                0x00000000000044be                memcpy
                0x00000000000044be                __aeabi_memcpy
                0x00000000000044be                __aeabi_memcpy4
                0x00000000000044be                __aeabi_memcpy8
 .text.memset   0x00000000000044da       0x10 /opt/nordic/ncs/toolchains/0c0f19d91c/opt/zephyr-sdk/arm-zephyr-eabi/bin/../lib/gcc/../../picolibc/arm-zephyr-eabi/lib/thumb/v7e-m/nofp/libc.a(memset.c.o)
                0x00000000000044da                memset
 .text.strnlen  0x00000000000044ea       0x18 /opt/nordic/ncs/toolchains/0c0f19d91c/opt/zephyr-sdk/arm-zephyr-eabi/bin/../lib/gcc/../../picolibc/arm-zephyr-eabi/lib/thumb/v7e-m/nofp/libc.a(libc_string_strnlen.c.o)
                0x00000000000044ea                strnlen
 .text.__ultoa_invert
                0x0000000000004502       0xae /opt/nordic/ncs/toolchains/0c0f19d91c/opt/zephyr-sdk/arm-zephyr-eabi/bin/../lib/gcc/../../picolibc/arm-zephyr-eabi/lib/thumb/v7e-m/nofp/libc.a(libc_tinystdio_vflprintf.c.o)
 *(SORT_BY_ALIGNMENT(.TEXT.*))
 .TEXT.__aeabi_read_tp
                0x00000000000045b0        0xc zephyr/arch/arch/arm/core/cortex_m/libarch__arm__core__cortex_m.a(__aeabi_read_tp.S.obj)
                0x00000000000045b0                __aeabi_read_tp
 *(SORT_BY_ALIGNMENT(.gnu.linkonce.t.*))
 *(SORT_BY_ALIGNMENT(.glue_7t))
 .glue_7t       0x00000000000045bc        0x0 linker stubs
 *(SORT_BY_ALIGNMENT(.glue_7))
 .glue_7        0x00000000000045bc        0x0 linker stubs
 *(SORT_BY_ALIGNMENT(.vfp11_veneer))
 .vfp11_veneer  0x00000000000045bc        0x0 linker stubs
 *(SORT_BY_ALIGNMENT(.v4_bx))
 .v4_bx         0x00000000000045bc        0x0 linker stubs
                0x00000000000045bc                . = ALIGN (0x4)
                0x00000000000045bc                __text_region_end = .

.ARM.exidx      0x00000000000045bc        0x0
                0x00000000000045bc                __exidx_start = .
 *(SORT_BY_ALIGNMENT(.ARM.exidx*) SORT_BY_ALIGNMENT(gnu.linkonce.armexidx.*))
                0x00000000000045bc                __exidx_end = .
                0x00000000000045bc                __rodata_region_start = .

initlevel       0x00000000000045bc       0x48
                0x00000000000045bc                __init_start = .
                0x00000000000045bc                __init_EARLY_start = .
 *(SORT_BY_NAME(SORT_BY_ALIGNMENT(.z_init_EARLY_P_?_*)))
 *(SORT_BY_NAME(SORT_BY_ALIGNMENT(.z_init_EARLY_P_??_*)))
 *(SORT_BY_NAME(SORT_BY_ALIGNMENT(.z_init_EARLY_P_???_*)))
                0x00000000000045bc                __init_PRE_KERNEL_1_start = .
 *(SORT_BY_NAME(SORT_BY_ALIGNMENT(.z_init_PRE_KERNEL_1_P_?_*)))
 .z_init_PRE_KERNEL_1_P_0_SUB_0_
                0x00000000000045bc        0x8 zephyr/soc/soc/nrf52833/libsoc__nordic.a(soc.c.obj)
 *(SORT_BY_NAME(SORT_BY_ALIGNMENT(.z_init_PRE_KERNEL_1_P_??_*)))
 .z_init_PRE_KERNEL_1_P_30_SUB_00038_
                0x00000000000045c4        0x8 zephyr/drivers/clock_control/libdrivers__clock_control.a(clock_control_nrf.c.obj)
 .z_init_PRE_KERNEL_1_P_40_SUB_00009_
                0x00000000000045cc        0x8 zephyr/drivers/gpio/libdrivers__gpio.a(gpio_nrfx.c.obj)
 .z_init_PRE_KERNEL_1_P_40_SUB_00067_
                0x00000000000045d4        0x8 zephyr/drivers/gpio/libdrivers__gpio.a(gpio_nrfx.c.obj)
 .z_init_PRE_KERNEL_1_P_50_SUB_00075_
                0x00000000000045dc        0x8 zephyr/drivers/serial/libdrivers__serial.a(uart_nrfx_uart.c.obj)
 .z_init_PRE_KERNEL_1_P_60_SUB_0_
                0x00000000000045e4        0x8 zephyr/drivers/console/libdrivers__console.a(uart_console.c.obj)
 *(SORT_BY_NAME(SORT_BY_ALIGNMENT(.z_init_PRE_KERNEL_1_P_???_*)))
                0x00000000000045ec                __init_PRE_KERNEL_2_start = .
 *(SORT_BY_NAME(SORT_BY_ALIGNMENT(.z_init_PRE_KERNEL_2_P_?_*)))
 .z_init_PRE_KERNEL_2_P_0_SUB_0_
                0x00000000000045ec        0x8 zephyr/drivers/timer/libdrivers__timer.a(nrf_rtc_timer.c.obj)
 *(SORT_BY_NAME(SORT_BY_ALIGNMENT(.z_init_PRE_KERNEL_2_P_??_*)))
 *(SORT_BY_NAME(SORT_BY_ALIGNMENT(.z_init_PRE_KERNEL_2_P_???_*)))
                0x00000000000045f4                __init_POST_KERNEL_start = .
 *(SORT_BY_NAME(SORT_BY_ALIGNMENT(.z_init_POST_KERNEL_P_?_*)))
 *(SORT_BY_NAME(SORT_BY_ALIGNMENT(.z_init_POST_KERNEL_P_??_*)))
 .z_init_POST_KERNEL_P_35_SUB_0_
                0x00000000000045f4        0x8 zephyr/lib/libc/common/liblib__libc__common.a(malloc.c.obj)
 *(SORT_BY_NAME(SORT_BY_ALIGNMENT(.z_init_POST_KERNEL_P_???_*)))
                0x00000000000045fc                __init_APPLICATION_start = .
 *(SORT_BY_NAME(SORT_BY_ALIGNMENT(.z_init_APPLICATION_P_?_*)))
 .z_init_APPLICATION_P_0_SUB_0_
                0x00000000000045fc        0x8 zephyr/libzephyr.a(banner.c.obj)
 *(SORT_BY_NAME(SORT_BY_ALIGNMENT(.z_init_APPLICATION_P_??_*)))
 *(SORT_BY_NAME(SORT_BY_ALIGNMENT(.z_init_APPLICATION_P_???_*)))
                0x0000000000004604                __init_SMP_start = .
 *(SORT_BY_NAME(SORT_BY_ALIGNMENT(.z_init_SMP_P_?_*)))
 *(SORT_BY_NAME(SORT_BY_ALIGNMENT(.z_init_SMP_P_??_*)))
 *(SORT_BY_NAME(SORT_BY_ALIGNMENT(.z_init_SMP_P_???_*)))
                0x0000000000004604                __init_end = .

device_area     0x0000000000004604       0x70
                0x0000000000004604                _device_list_start = .
 *(SORT_BY_NAME(SORT_BY_ALIGNMENT(._device.static.*_?_*)))
 *(SORT_BY_NAME(SORT_BY_ALIGNMENT(._device.static.*_??_*)))
 ._device.static.1_30_
                0x0000000000004604       0x1c zephyr/drivers/clock_control/libdrivers__clock_control.a(clock_control_nrf.c.obj)
                0x0000000000004604                __device_dts_ord_38
 ._device.static.1_40_
                0x0000000000004620       0x38 zephyr/drivers/gpio/libdrivers__gpio.a(gpio_nrfx.c.obj)
                0x0000000000004620                __device_dts_ord_67
                0x000000000000463c                __device_dts_ord_9
 ._device.static.1_50_
                0x0000000000004658       0x1c zephyr/drivers/serial/libdrivers__serial.a(uart_nrfx_uart.c.obj)
                0x0000000000004658                __device_dts_ord_75
 *(SORT_BY_NAME(SORT_BY_ALIGNMENT(._device.static.*_???_*)))
 *(SORT_BY_NAME(SORT_BY_ALIGNMENT(._device.static.*_????_*)))
 *(SORT_BY_NAME(SORT_BY_ALIGNMENT(._device.static.*_?????_*)))
                0x0000000000004674                _device_list_end = .

sw_isr_table    0x0000000000004674      0x180
                0x0000000000004674                . = ALIGN (0x4)
 *(SORT_BY_ALIGNMENT(.gnu.linkonce.sw_isr_table*))
 .gnu.linkonce.sw_isr_table
                0x0000000000004674      0x180 zephyr/arch/common/libisr_tables.a(isr_tables.c.obj)
                0x0000000000004674                _sw_isr_table

initlevel_error
                0x00000000000045bc        0x0
 *(SORT_BY_NAME(SORT_BY_ALIGNMENT(.z_init_*)))
                0x0000000000000001                ASSERT ((SIZEOF (initlevel_error) == 0x0), Undefined initialization levels used.)

app_shmem_regions
                0x00000000000047f4        0x0
                0x00000000000047f4                __app_shmem_regions_start = .
 *(SORT_BY_NAME(SORT_BY_ALIGNMENT(.app_regions.*)))
                0x00000000000047f4                __app_shmem_regions_end = .

k_p4wq_initparam_area
                0x00000000000047f4        0x0
                0x00000000000047f4                _k_p4wq_initparam_list_start = .
 *(SORT_BY_NAME(SORT_BY_ALIGNMENT(._k_p4wq_initparam.static.*)))
                0x00000000000047f4                _k_p4wq_initparam_list_end = .

_static_thread_data_area
                0x00000000000047f4        0x0
                0x00000000000047f4                __static_thread_data_list_start = .
 *(SORT_BY_NAME(SORT_BY_ALIGNMENT(.__static_thread_data.static.*)))
                0x00000000000047f4                __static_thread_data_list_end = .

device_deps     0x00000000000047f4        0x0
                0x00000000000047f4                __device_deps_start = .
 *(SORT_BY_NAME(SORT_BY_ALIGNMENT(.__device_deps_pass2*)))
                0x00000000000047f4                __device_deps_end = .

gpio_driver_api_area
                0x00000000000047f4       0x24
                0x00000000000047f4                _gpio_driver_api_list_start = .
 *(SORT_BY_NAME(SORT_BY_ALIGNMENT(._gpio_driver_api.static.*)))
 ._gpio_driver_api.static.gpio_nrfx_drv_api_funcs_
                0x00000000000047f4       0x24 zephyr/drivers/gpio/libdrivers__gpio.a(gpio_nrfx.c.obj)
                0x0000000000004818                _gpio_driver_api_list_end = .

shared_irq_driver_api_area
                0x0000000000004818        0x0
                0x0000000000004818                _shared_irq_driver_api_list_start = .
 *(SORT_BY_NAME(SORT_BY_ALIGNMENT(._shared_irq_driver_api.static.*)))
                0x0000000000004818                _shared_irq_driver_api_list_end = .

crypto_driver_api_area
                0x0000000000004818        0x0
                0x0000000000004818                _crypto_driver_api_list_start = .
 *(SORT_BY_NAME(SORT_BY_ALIGNMENT(._crypto_driver_api.static.*)))
                0x0000000000004818                _crypto_driver_api_list_end = .

adc_driver_api_area
                0x0000000000004818        0x0
                0x0000000000004818                _adc_driver_api_list_start = .
 *(SORT_BY_NAME(SORT_BY_ALIGNMENT(._adc_driver_api.static.*)))
                0x0000000000004818                _adc_driver_api_list_end = .

auxdisplay_driver_api_area
                0x0000000000004818        0x0
                0x0000000000004818                _auxdisplay_driver_api_list_start = .
 *(SORT_BY_NAME(SORT_BY_ALIGNMENT(._auxdisplay_driver_api.static.*)))
                0x0000000000004818                _auxdisplay_driver_api_list_end = .

bbram_driver_api_area
                0x0000000000004818        0x0
                0x0000000000004818                _bbram_driver_api_list_start = .
 *(SORT_BY_NAME(SORT_BY_ALIGNMENT(._bbram_driver_api.static.*)))
                0x0000000000004818                _bbram_driver_api_list_end = .

bt_hci_driver_api_area
                0x0000000000004818        0x0
                0x0000000000004818                _bt_hci_driver_api_list_start = .
 *(SORT_BY_NAME(SORT_BY_ALIGNMENT(._bt_hci_driver_api.static.*)))
                0x0000000000004818                _bt_hci_driver_api_list_end = .

can_driver_api_area
                0x0000000000004818        0x0
                0x0000000000004818                _can_driver_api_list_start = .
 *(SORT_BY_NAME(SORT_BY_ALIGNMENT(._can_driver_api.static.*)))
                0x0000000000004818                _can_driver_api_list_end = .

cellular_driver_api_area
                0x0000000000004818        0x0
                0x0000000000004818                _cellular_driver_api_list_start = .
 *(SORT_BY_NAME(SORT_BY_ALIGNMENT(._cellular_driver_api.static.*)))
                0x0000000000004818                _cellular_driver_api_list_end = .

charger_driver_api_area
                0x0000000000004818        0x0
                0x0000000000004818                _charger_driver_api_list_start = .
 *(SORT_BY_NAME(SORT_BY_ALIGNMENT(._charger_driver_api.static.*)))
                0x0000000000004818                _charger_driver_api_list_end = .

clock_control_driver_api_area
                0x0000000000004818       0x1c
                0x0000000000004818                _clock_control_driver_api_list_start = .
 *(SORT_BY_NAME(SORT_BY_ALIGNMENT(._clock_control_driver_api.static.*)))
 ._clock_control_driver_api.static.clock_control_api_
                0x0000000000004818       0x1c zephyr/drivers/clock_control/libdrivers__clock_control.a(clock_control_nrf.c.obj)
                0x0000000000004834                _clock_control_driver_api_list_end = .

comparator_driver_api_area
                0x0000000000004834        0x0
                0x0000000000004834                _comparator_driver_api_list_start = .
 *(SORT_BY_NAME(SORT_BY_ALIGNMENT(._comparator_driver_api.static.*)))
                0x0000000000004834                _comparator_driver_api_list_end = .

coredump_driver_api_area
                0x0000000000004834        0x0
                0x0000000000004834                _coredump_driver_api_list_start = .
 *(SORT_BY_NAME(SORT_BY_ALIGNMENT(._coredump_driver_api.static.*)))
                0x0000000000004834                _coredump_driver_api_list_end = .

counter_driver_api_area
                0x0000000000004834        0x0
                0x0000000000004834                _counter_driver_api_list_start = .
 *(SORT_BY_NAME(SORT_BY_ALIGNMENT(._counter_driver_api.static.*)))
                0x0000000000004834                _counter_driver_api_list_end = .

crc_driver_api_area
                0x0000000000004834        0x0
                0x0000000000004834                _crc_driver_api_list_start = .
 *(SORT_BY_NAME(SORT_BY_ALIGNMENT(._crc_driver_api.static.*)))
                0x0000000000004834                _crc_driver_api_list_end = .

dac_driver_api_area
                0x0000000000004834        0x0
                0x0000000000004834                _dac_driver_api_list_start = .
 *(SORT_BY_NAME(SORT_BY_ALIGNMENT(._dac_driver_api.static.*)))
                0x0000000000004834                _dac_driver_api_list_end = .

dai_driver_api_area
                0x0000000000004834        0x0
                0x0000000000004834                _dai_driver_api_list_start = .
 *(SORT_BY_NAME(SORT_BY_ALIGNMENT(._dai_driver_api.static.*)))
                0x0000000000004834                _dai_driver_api_list_end = .

display_driver_api_area
                0x0000000000004834        0x0
                0x0000000000004834                _display_driver_api_list_start = .
 *(SORT_BY_NAME(SORT_BY_ALIGNMENT(._display_driver_api.static.*)))
                0x0000000000004834                _display_driver_api_list_end = .

dma_driver_api_area
                0x0000000000004834        0x0
                0x0000000000004834                _dma_driver_api_list_start = .
 *(SORT_BY_NAME(SORT_BY_ALIGNMENT(._dma_driver_api.static.*)))
                0x0000000000004834                _dma_driver_api_list_end = .

edac_driver_api_area
                0x0000000000004834        0x0
                0x0000000000004834                _edac_driver_api_list_start = .
 *(SORT_BY_NAME(SORT_BY_ALIGNMENT(._edac_driver_api.static.*)))
                0x0000000000004834                _edac_driver_api_list_end = .

eeprom_driver_api_area
                0x0000000000004834        0x0
                0x0000000000004834                _eeprom_driver_api_list_start = .
 *(SORT_BY_NAME(SORT_BY_ALIGNMENT(._eeprom_driver_api.static.*)))
                0x0000000000004834                _eeprom_driver_api_list_end = .

emul_bbram_driver_api_area
                0x0000000000004834        0x0
                0x0000000000004834                _emul_bbram_driver_api_list_start = .
 *(SORT_BY_NAME(SORT_BY_ALIGNMENT(._emul_bbram_driver_api.static.*)))
                0x0000000000004834                _emul_bbram_driver_api_list_end = .

fuel_gauge_emul_driver_api_area
                0x0000000000004834        0x0
                0x0000000000004834                _fuel_gauge_emul_driver_api_list_start = .
 *(SORT_BY_NAME(SORT_BY_ALIGNMENT(._fuel_gauge_emul_driver_api.static.*)))
                0x0000000000004834                _fuel_gauge_emul_driver_api_list_end = .

emul_sensor_driver_api_area
                0x0000000000004834        0x0
                0x0000000000004834                _emul_sensor_driver_api_list_start = .
 *(SORT_BY_NAME(SORT_BY_ALIGNMENT(._emul_sensor_driver_api.static.*)))
                0x0000000000004834                _emul_sensor_driver_api_list_end = .

entropy_driver_api_area
                0x0000000000004834        0x0
                0x0000000000004834                _entropy_driver_api_list_start = .
 *(SORT_BY_NAME(SORT_BY_ALIGNMENT(._entropy_driver_api.static.*)))
                0x0000000000004834                _entropy_driver_api_list_end = .

espi_driver_api_area
                0x0000000000004834        0x0
                0x0000000000004834                _espi_driver_api_list_start = .
 *(SORT_BY_NAME(SORT_BY_ALIGNMENT(._espi_driver_api.static.*)))
                0x0000000000004834                _espi_driver_api_list_end = .

espi_saf_driver_api_area
                0x0000000000004834        0x0
                0x0000000000004834                _espi_saf_driver_api_list_start = .
 *(SORT_BY_NAME(SORT_BY_ALIGNMENT(._espi_saf_driver_api.static.*)))
                0x0000000000004834                _espi_saf_driver_api_list_end = .

flash_driver_api_area
                0x0000000000004834        0x0
                0x0000000000004834                _flash_driver_api_list_start = .
 *(SORT_BY_NAME(SORT_BY_ALIGNMENT(._flash_driver_api.static.*)))
                0x0000000000004834                _flash_driver_api_list_end = .

fpga_driver_api_area
                0x0000000000004834        0x0
                0x0000000000004834                _fpga_driver_api_list_start = .
 *(SORT_BY_NAME(SORT_BY_ALIGNMENT(._fpga_driver_api.static.*)))
                0x0000000000004834                _fpga_driver_api_list_end = .

fuel_gauge_driver_api_area
                0x0000000000004834        0x0
                0x0000000000004834                _fuel_gauge_driver_api_list_start = .
 *(SORT_BY_NAME(SORT_BY_ALIGNMENT(._fuel_gauge_driver_api.static.*)))
                0x0000000000004834                _fuel_gauge_driver_api_list_end = .

gnss_driver_api_area
                0x0000000000004834        0x0
                0x0000000000004834                _gnss_driver_api_list_start = .
 *(SORT_BY_NAME(SORT_BY_ALIGNMENT(._gnss_driver_api.static.*)))
                0x0000000000004834                _gnss_driver_api_list_end = .

haptics_driver_api_area
                0x0000000000004834        0x0
                0x0000000000004834                _haptics_driver_api_list_start = .
 *(SORT_BY_NAME(SORT_BY_ALIGNMENT(._haptics_driver_api.static.*)))
                0x0000000000004834                _haptics_driver_api_list_end = .

hwspinlock_driver_api_area
                0x0000000000004834        0x0
                0x0000000000004834                _hwspinlock_driver_api_list_start = .
 *(SORT_BY_NAME(SORT_BY_ALIGNMENT(._hwspinlock_driver_api.static.*)))
                0x0000000000004834                _hwspinlock_driver_api_list_end = .

i2c_driver_api_area
                0x0000000000004834        0x0
                0x0000000000004834                _i2c_driver_api_list_start = .
 *(SORT_BY_NAME(SORT_BY_ALIGNMENT(._i2c_driver_api.static.*)))
                0x0000000000004834                _i2c_driver_api_list_end = .

i2c_target_driver_api_area
                0x0000000000004834        0x0
                0x0000000000004834                _i2c_target_driver_api_list_start = .
 *(SORT_BY_NAME(SORT_BY_ALIGNMENT(._i2c_target_driver_api.static.*)))
                0x0000000000004834                _i2c_target_driver_api_list_end = .

i2s_driver_api_area
                0x0000000000004834        0x0
                0x0000000000004834                _i2s_driver_api_list_start = .
 *(SORT_BY_NAME(SORT_BY_ALIGNMENT(._i2s_driver_api.static.*)))
                0x0000000000004834                _i2s_driver_api_list_end = .

i3c_driver_api_area
                0x0000000000004834        0x0
                0x0000000000004834                _i3c_driver_api_list_start = .
 *(SORT_BY_NAME(SORT_BY_ALIGNMENT(._i3c_driver_api.static.*)))
                0x0000000000004834                _i3c_driver_api_list_end = .

ipm_driver_api_area
                0x0000000000004834        0x0
                0x0000000000004834                _ipm_driver_api_list_start = .
 *(SORT_BY_NAME(SORT_BY_ALIGNMENT(._ipm_driver_api.static.*)))
                0x0000000000004834                _ipm_driver_api_list_end = .

led_driver_api_area
                0x0000000000004834        0x0
                0x0000000000004834                _led_driver_api_list_start = .
 *(SORT_BY_NAME(SORT_BY_ALIGNMENT(._led_driver_api.static.*)))
                0x0000000000004834                _led_driver_api_list_end = .

led_strip_driver_api_area
                0x0000000000004834        0x0
                0x0000000000004834                _led_strip_driver_api_list_start = .
 *(SORT_BY_NAME(SORT_BY_ALIGNMENT(._led_strip_driver_api.static.*)))
                0x0000000000004834                _led_strip_driver_api_list_end = .

lora_driver_api_area
                0x0000000000004834        0x0
                0x0000000000004834                _lora_driver_api_list_start = .
 *(SORT_BY_NAME(SORT_BY_ALIGNMENT(._lora_driver_api.static.*)))
                0x0000000000004834                _lora_driver_api_list_end = .

mbox_driver_api_area
                0x0000000000004834        0x0
                0x0000000000004834                _mbox_driver_api_list_start = .
 *(SORT_BY_NAME(SORT_BY_ALIGNMENT(._mbox_driver_api.static.*)))
                0x0000000000004834                _mbox_driver_api_list_end = .

mdio_driver_api_area
                0x0000000000004834        0x0
                0x0000000000004834                _mdio_driver_api_list_start = .
 *(SORT_BY_NAME(SORT_BY_ALIGNMENT(._mdio_driver_api.static.*)))
                0x0000000000004834                _mdio_driver_api_list_end = .

mipi_dbi_driver_api_area
                0x0000000000004834        0x0
                0x0000000000004834                _mipi_dbi_driver_api_list_start = .
 *(SORT_BY_NAME(SORT_BY_ALIGNMENT(._mipi_dbi_driver_api.static.*)))
                0x0000000000004834                _mipi_dbi_driver_api_list_end = .

mipi_dsi_driver_api_area
                0x0000000000004834        0x0
                0x0000000000004834                _mipi_dsi_driver_api_list_start = .
 *(SORT_BY_NAME(SORT_BY_ALIGNMENT(._mipi_dsi_driver_api.static.*)))
                0x0000000000004834                _mipi_dsi_driver_api_list_end = .

mspi_driver_api_area
                0x0000000000004834        0x0
                0x0000000000004834                _mspi_driver_api_list_start = .
 *(SORT_BY_NAME(SORT_BY_ALIGNMENT(._mspi_driver_api.static.*)))
                0x0000000000004834                _mspi_driver_api_list_end = .

opamp_driver_api_area
                0x0000000000004834        0x0
                0x0000000000004834                _opamp_driver_api_list_start = .
 *(SORT_BY_NAME(SORT_BY_ALIGNMENT(._opamp_driver_api.static.*)))
                0x0000000000004834                _opamp_driver_api_list_end = .

otp_driver_api_area
                0x0000000000004834        0x0
                0x0000000000004834                _otp_driver_api_list_start = .
 *(SORT_BY_NAME(SORT_BY_ALIGNMENT(._otp_driver_api.static.*)))
                0x0000000000004834                _otp_driver_api_list_end = .

peci_driver_api_area
                0x0000000000004834        0x0
                0x0000000000004834                _peci_driver_api_list_start = .
 *(SORT_BY_NAME(SORT_BY_ALIGNMENT(._peci_driver_api.static.*)))
                0x0000000000004834                _peci_driver_api_list_end = .

ps2_driver_api_area
                0x0000000000004834        0x0
                0x0000000000004834                _ps2_driver_api_list_start = .
 *(SORT_BY_NAME(SORT_BY_ALIGNMENT(._ps2_driver_api.static.*)))
                0x0000000000004834                _ps2_driver_api_list_end = .

ptp_clock_driver_api_area
                0x0000000000004834        0x0
                0x0000000000004834                _ptp_clock_driver_api_list_start = .
 *(SORT_BY_NAME(SORT_BY_ALIGNMENT(._ptp_clock_driver_api.static.*)))
                0x0000000000004834                _ptp_clock_driver_api_list_end = .

pwm_driver_api_area
                0x0000000000004834        0x0
                0x0000000000004834                _pwm_driver_api_list_start = .
 *(SORT_BY_NAME(SORT_BY_ALIGNMENT(._pwm_driver_api.static.*)))
                0x0000000000004834                _pwm_driver_api_list_end = .

regulator_parent_driver_api_area
                0x0000000000004834        0x0
                0x0000000000004834                _regulator_parent_driver_api_list_start = .
 *(SORT_BY_NAME(SORT_BY_ALIGNMENT(._regulator_parent_driver_api.static.*)))
                0x0000000000004834                _regulator_parent_driver_api_list_end = .

regulator_driver_api_area
                0x0000000000004834        0x0
                0x0000000000004834                _regulator_driver_api_list_start = .
 *(SORT_BY_NAME(SORT_BY_ALIGNMENT(._regulator_driver_api.static.*)))
                0x0000000000004834                _regulator_driver_api_list_end = .

reset_driver_api_area
                0x0000000000004834        0x0
                0x0000000000004834                _reset_driver_api_list_start = .
 *(SORT_BY_NAME(SORT_BY_ALIGNMENT(._reset_driver_api.static.*)))
                0x0000000000004834                _reset_driver_api_list_end = .

retained_mem_driver_api_area
                0x0000000000004834        0x0
                0x0000000000004834                _retained_mem_driver_api_list_start = .
 *(SORT_BY_NAME(SORT_BY_ALIGNMENT(._retained_mem_driver_api.static.*)))
                0x0000000000004834                _retained_mem_driver_api_list_end = .

rtc_driver_api_area
                0x0000000000004834        0x0
                0x0000000000004834                _rtc_driver_api_list_start = .
 *(SORT_BY_NAME(SORT_BY_ALIGNMENT(._rtc_driver_api.static.*)))
                0x0000000000004834                _rtc_driver_api_list_end = .

sdhc_driver_api_area
                0x0000000000004834        0x0
                0x0000000000004834                _sdhc_driver_api_list_start = .
 *(SORT_BY_NAME(SORT_BY_ALIGNMENT(._sdhc_driver_api.static.*)))
                0x0000000000004834                _sdhc_driver_api_list_end = .

sensor_driver_api_area
                0x0000000000004834        0x0
                0x0000000000004834                _sensor_driver_api_list_start = .
 *(SORT_BY_NAME(SORT_BY_ALIGNMENT(._sensor_driver_api.static.*)))
                0x0000000000004834                _sensor_driver_api_list_end = .

smbus_driver_api_area
                0x0000000000004834        0x0
                0x0000000000004834                _smbus_driver_api_list_start = .
 *(SORT_BY_NAME(SORT_BY_ALIGNMENT(._smbus_driver_api.static.*)))
                0x0000000000004834                _smbus_driver_api_list_end = .

spi_driver_api_area
                0x0000000000004834        0x0
                0x0000000000004834                _spi_driver_api_list_start = .
 *(SORT_BY_NAME(SORT_BY_ALIGNMENT(._spi_driver_api.static.*)))
                0x0000000000004834                _spi_driver_api_list_end = .

stepper_driver_api_area
                0x0000000000004834        0x0
                0x0000000000004834                _stepper_driver_api_list_start = .
 *(SORT_BY_NAME(SORT_BY_ALIGNMENT(._stepper_driver_api.static.*)))
                0x0000000000004834                _stepper_driver_api_list_end = .

stepper_drv_driver_api_area
                0x0000000000004834        0x0
                0x0000000000004834                _stepper_drv_driver_api_list_start = .
 *(SORT_BY_NAME(SORT_BY_ALIGNMENT(._stepper_drv_driver_api.static.*)))
                0x0000000000004834                _stepper_drv_driver_api_list_end = .

syscon_driver_api_area
                0x0000000000004834        0x0
                0x0000000000004834                _syscon_driver_api_list_start = .
 *(SORT_BY_NAME(SORT_BY_ALIGNMENT(._syscon_driver_api.static.*)))
                0x0000000000004834                _syscon_driver_api_list_end = .

tee_driver_api_area
                0x0000000000004834        0x0
                0x0000000000004834                _tee_driver_api_list_start = .
 *(SORT_BY_NAME(SORT_BY_ALIGNMENT(._tee_driver_api.static.*)))
                0x0000000000004834                _tee_driver_api_list_end = .

video_driver_api_area
                0x0000000000004834        0x0
                0x0000000000004834                _video_driver_api_list_start = .
 *(SORT_BY_NAME(SORT_BY_ALIGNMENT(._video_driver_api.static.*)))
                0x0000000000004834                _video_driver_api_list_end = .

virtio_driver_api_area
                0x0000000000004834        0x0
                0x0000000000004834                _virtio_driver_api_list_start = .
 *(SORT_BY_NAME(SORT_BY_ALIGNMENT(._virtio_driver_api.static.*)))
                0x0000000000004834                _virtio_driver_api_list_end = .

w1_driver_api_area
                0x0000000000004834        0x0
                0x0000000000004834                _w1_driver_api_list_start = .
 *(SORT_BY_NAME(SORT_BY_ALIGNMENT(._w1_driver_api.static.*)))
                0x0000000000004834                _w1_driver_api_list_end = .

wdt_driver_api_area
                0x0000000000004834        0x0
                0x0000000000004834                _wdt_driver_api_list_start = .
 *(SORT_BY_NAME(SORT_BY_ALIGNMENT(._wdt_driver_api.static.*)))
                0x0000000000004834                _wdt_driver_api_list_end = .

can_transceiver_driver_api_area
                0x0000000000004834        0x0
                0x0000000000004834                _can_transceiver_driver_api_list_start = .
 *(SORT_BY_NAME(SORT_BY_ALIGNMENT(._can_transceiver_driver_api.static.*)))
                0x0000000000004834                _can_transceiver_driver_api_list_end = .

nrf_clock_control_driver_api_area
                0x0000000000004834        0x0
                0x0000000000004834                _nrf_clock_control_driver_api_list_start = .
 *(SORT_BY_NAME(SORT_BY_ALIGNMENT(._nrf_clock_control_driver_api.static.*)))
                0x0000000000004834                _nrf_clock_control_driver_api_list_end = .

i3c_target_driver_api_area
                0x0000000000004834        0x0
                0x0000000000004834                _i3c_target_driver_api_list_start = .
 *(SORT_BY_NAME(SORT_BY_ALIGNMENT(._i3c_target_driver_api.static.*)))
                0x0000000000004834                _i3c_target_driver_api_list_end = .

its_driver_api_area
                0x0000000000004834        0x0
                0x0000000000004834                _its_driver_api_list_start = .
 *(SORT_BY_NAME(SORT_BY_ALIGNMENT(._its_driver_api.static.*)))
                0x0000000000004834                _its_driver_api_list_end = .

vtd_driver_api_area
                0x0000000000004834        0x0
                0x0000000000004834                _vtd_driver_api_list_start = .
 *(SORT_BY_NAME(SORT_BY_ALIGNMENT(._vtd_driver_api.static.*)))
                0x0000000000004834                _vtd_driver_api_list_end = .

renesas_elc_driver_api_area
                0x0000000000004834        0x0
                0x0000000000004834                _renesas_elc_driver_api_list_start = .
 *(SORT_BY_NAME(SORT_BY_ALIGNMENT(._renesas_elc_driver_api.static.*)))
                0x0000000000004834                _renesas_elc_driver_api_list_end = .

tgpio_driver_api_area
                0x0000000000004834        0x0
                0x0000000000004834                _tgpio_driver_api_list_start = .
 *(SORT_BY_NAME(SORT_BY_ALIGNMENT(._tgpio_driver_api.static.*)))
                0x0000000000004834                _tgpio_driver_api_list_end = .

pcie_ctrl_driver_api_area
                0x0000000000004834        0x0
                0x0000000000004834                _pcie_ctrl_driver_api_list_start = .
 *(SORT_BY_NAME(SORT_BY_ALIGNMENT(._pcie_ctrl_driver_api.static.*)))
                0x0000000000004834                _pcie_ctrl_driver_api_list_end = .

pcie_ep_driver_api_area
                0x0000000000004834        0x0
                0x0000000000004834                _pcie_ep_driver_api_list_start = .
 *(SORT_BY_NAME(SORT_BY_ALIGNMENT(._pcie_ep_driver_api.static.*)))
                0x0000000000004834                _pcie_ep_driver_api_list_end = .

psi5_driver_api_area
                0x0000000000004834        0x0
                0x0000000000004834                _psi5_driver_api_list_start = .
 *(SORT_BY_NAME(SORT_BY_ALIGNMENT(._psi5_driver_api.static.*)))
                0x0000000000004834                _psi5_driver_api_list_end = .

sent_driver_api_area
                0x0000000000004834        0x0
                0x0000000000004834                _sent_driver_api_list_start = .
 *(SORT_BY_NAME(SORT_BY_ALIGNMENT(._sent_driver_api.static.*)))
                0x0000000000004834                _sent_driver_api_list_end = .

svc_driver_api_area
                0x0000000000004834        0x0
                0x0000000000004834                _svc_driver_api_list_start = .
 *(SORT_BY_NAME(SORT_BY_ALIGNMENT(._svc_driver_api.static.*)))
                0x0000000000004834                _svc_driver_api_list_end = .

uart_driver_api_area
                0x0000000000004834        0xc
                0x0000000000004834                _uart_driver_api_list_start = .
 *(SORT_BY_NAME(SORT_BY_ALIGNMENT(._uart_driver_api.static.*)))
 ._uart_driver_api.static.uart_nrfx_uart_driver_api_
                0x0000000000004834        0xc zephyr/drivers/serial/libdrivers__serial.a(uart_nrfx_uart.c.obj)
                0x0000000000004840                _uart_driver_api_list_end = .

bc12_emul_driver_api_area
                0x0000000000004840        0x0
                0x0000000000004840                _bc12_emul_driver_api_list_start = .
 *(SORT_BY_NAME(SORT_BY_ALIGNMENT(._bc12_emul_driver_api.static.*)))
                0x0000000000004840                _bc12_emul_driver_api_list_end = .

bc12_driver_api_area
                0x0000000000004840        0x0
                0x0000000000004840                _bc12_driver_api_list_start = .
 *(SORT_BY_NAME(SORT_BY_ALIGNMENT(._bc12_driver_api.static.*)))
                0x0000000000004840                _bc12_driver_api_list_end = .

usbc_ppc_driver_api_area
                0x0000000000004840        0x0
                0x0000000000004840                _usbc_ppc_driver_api_list_start = .
 *(SORT_BY_NAME(SORT_BY_ALIGNMENT(._usbc_ppc_driver_api.static.*)))
                0x0000000000004840                _usbc_ppc_driver_api_list_end = .

tcpc_driver_api_area
                0x0000000000004840        0x0
                0x0000000000004840                _tcpc_driver_api_list_start = .
 *(SORT_BY_NAME(SORT_BY_ALIGNMENT(._tcpc_driver_api.static.*)))
                0x0000000000004840                _tcpc_driver_api_list_end = .

usbc_vbus_driver_api_area
                0x0000000000004840        0x0
                0x0000000000004840                _usbc_vbus_driver_api_list_start = .
 *(SORT_BY_NAME(SORT_BY_ALIGNMENT(._usbc_vbus_driver_api.static.*)))
                0x0000000000004840                _usbc_vbus_driver_api_list_end = .

ivshmem_driver_api_area
                0x0000000000004840        0x0
                0x0000000000004840                _ivshmem_driver_api_list_start = .
 *(SORT_BY_NAME(SORT_BY_ALIGNMENT(._ivshmem_driver_api.static.*)))
                0x0000000000004840                _ivshmem_driver_api_list_end = .

ethphy_driver_api_area
                0x0000000000004840        0x0
                0x0000000000004840                _ethphy_driver_api_list_start = .
 *(SORT_BY_NAME(SORT_BY_ALIGNMENT(._ethphy_driver_api.static.*)))
                0x0000000000004840                _ethphy_driver_api_list_end = .

ztest           0x0000000000004840        0x0
                0x0000000000004840                _ztest_expected_result_entry_list_start = .
 *(SORT_BY_NAME(SORT_BY_ALIGNMENT(._ztest_expected_result_entry.static.*)))
                0x0000000000004840                _ztest_expected_result_entry_list_end = .
                0x0000000000004840                _ztest_suite_node_list_start = .
 *(SORT_BY_NAME(SORT_BY_ALIGNMENT(._ztest_suite_node.static.*)))
                0x0000000000004840                _ztest_suite_node_list_end = .
                0x0000000000004840                _ztest_unit_test_list_start = .
 *(SORT_BY_NAME(SORT_BY_ALIGNMENT(._ztest_unit_test.static.*)))
                0x0000000000004840                _ztest_unit_test_list_end = .
                0x0000000000004840                _ztest_test_rule_list_start = .
 *(SORT_BY_NAME(SORT_BY_ALIGNMENT(._ztest_test_rule.static.*)))
                0x0000000000004840                _ztest_test_rule_list_end = .

init_array      0x0000000000004840        0x0
                0x0000000000004840                __zephyr_init_array_start = .
 *(SORT_BY_INIT_PRIORITY(.init_array.*) SORT_BY_INIT_PRIORITY(.ctors.*))
 *(SORT_BY_ALIGNMENT(.init_array) SORT_BY_ALIGNMENT(.ctors))
                0x0000000000004840                __zephyr_init_array_end = .
                0x0000000000000001                ASSERT ((__zephyr_init_array_start == __zephyr_init_array_end), GNU-style constructors required but STATIC_INIT_GNU not enabled)

bt_l2cap_fixed_chan_area
                0x0000000000004840        0x0
                0x0000000000004840                _bt_l2cap_fixed_chan_list_start = .
 *(SORT_BY_NAME(SORT_BY_ALIGNMENT(._bt_l2cap_fixed_chan.static.*)))
                0x0000000000004840                _bt_l2cap_fixed_chan_list_end = .

bt_gatt_service_static_area
                0x0000000000004840        0x0
                0x0000000000004840                _bt_gatt_service_static_list_start = .
 *(SORT_BY_NAME(SORT_BY_ALIGNMENT(._bt_gatt_service_static.static.*)))
                0x0000000000004840                _bt_gatt_service_static_list_end = .

log_strings_area
                0x0000000000004840        0x0
                0x0000000000004840                _log_strings_list_start = .
 *(SORT_BY_NAME(SORT_BY_ALIGNMENT(._log_strings.static.*)))
                0x0000000000004840                _log_strings_list_end = .

log_stmesp_ptr_area
                0x0000000000004840        0x0
                0x0000000000004840                _log_stmesp_ptr_list_start = .
 *(SORT_BY_NAME(SORT_BY_ALIGNMENT(._log_stmesp_ptr.static.*)))
                0x0000000000004840                _log_stmesp_ptr_list_end = .

log_stmesp_str_area
                0x0000000000004840        0x0
                0x0000000000004840                _log_stmesp_str_list_start = .
 *(SORT_BY_NAME(SORT_BY_ALIGNMENT(._log_stmesp_str.static.*)))
                0x0000000000004840                _log_stmesp_str_list_end = .

log_const_area  0x0000000000004840        0x0
                0x0000000000004840                _log_const_list_start = .
 *(SORT_BY_NAME(SORT_BY_ALIGNMENT(._log_const.static.*)))
                0x0000000000004840                _log_const_list_end = .

log_backend_area
                0x0000000000004840        0x0
                0x0000000000004840                _log_backend_list_start = .
 *(SORT_BY_NAME(SORT_BY_ALIGNMENT(._log_backend.static.*)))
                0x0000000000004840                _log_backend_list_end = .

log_link_area   0x0000000000004840        0x0
                0x0000000000004840                _log_link_list_start = .
 *(SORT_BY_NAME(SORT_BY_ALIGNMENT(._log_link.static.*)))
                0x0000000000004840                _log_link_list_end = .

tracing_backend_area
                0x0000000000004840        0x0
                0x0000000000004840                _tracing_backend_list_start = .
 *(SORT_BY_NAME(SORT_BY_ALIGNMENT(._tracing_backend.static.*)))
                0x0000000000004840                _tracing_backend_list_end = .

zephyr_dbg_info
 *(SORT_BY_ALIGNMENT(.dbg_thread_info))

intc_table_area
                0x0000000000004840        0x0
                0x0000000000004840                _intc_table_list_start = .
 *(SORT_BY_NAME(SORT_BY_ALIGNMENT(._intc_table.static.*)))
                0x0000000000004840                _intc_table_list_end = .

symbol_to_keep  0x0000000000004840        0x0
                0x0000000000004840                __symbol_to_keep_start = .
 *(SORT_BY_NAME(SORT_BY_ALIGNMENT(.symbol_to_keep*)))
                0x0000000000004840                __symbol_to_keep_end = .

shell_area      0x0000000000004840        0x0
                0x0000000000004840                _shell_list_start = .
 *(SORT_BY_NAME(SORT_BY_ALIGNMENT(._shell.static.*)))
                0x0000000000004840                _shell_list_end = .

shell_root_cmds_area
                0x0000000000004840        0x0
                0x0000000000004840                _shell_root_cmds_list_start = .
 *(SORT_BY_NAME(SORT_BY_ALIGNMENT(._shell_root_cmds.static.*)))
                0x0000000000004840                _shell_root_cmds_list_end = .

shell_subcmds_area
                0x0000000000004840        0x0
                0x0000000000004840                _shell_subcmds_list_start = .
 *(SORT_BY_NAME(SORT_BY_ALIGNMENT(._shell_subcmds.static.*)))
                0x0000000000004840                _shell_subcmds_list_end = .

shell_dynamic_subcmds_area
                0x0000000000004840        0x0
                0x0000000000004840                _shell_dynamic_subcmds_list_start = .
 *(SORT_BY_NAME(SORT_BY_ALIGNMENT(._shell_dynamic_subcmds.static.*)))
                0x0000000000004840                _shell_dynamic_subcmds_list_end = .

cfb_font_area   0x0000000000004840        0x0
                0x0000000000004840                _cfb_font_list_start = .
 *(SORT_BY_NAME(SORT_BY_ALIGNMENT(._cfb_font.static.*)))
                0x0000000000004840                _cfb_font_list_end = .

tdata           0x0000000000004840        0x0
 *(SORT_BY_ALIGNMENT(.tdata) SORT_BY_ALIGNMENT(.tdata.*) SORT_BY_ALIGNMENT(.gnu.linkonce.td.*))

tbss            0x0000000000004840        0x4
 *(SORT_BY_ALIGNMENT(.tbss) SORT_BY_ALIGNMENT(.tbss.*) SORT_BY_ALIGNMENT(.gnu.linkonce.tb.*) SORT_BY_ALIGNMENT(.tcommon))
 .tbss.z_tls_current
                0x0000000000004840        0x4 zephyr/libzephyr.a(thread_entry.c.obj)
                0x0000000000004840                z_tls_current
                0x0000000000004840                PROVIDE (__tdata_start = LOADADDR (tdata))
                0x0000000000000001                PROVIDE (__tdata_align = ALIGNOF (tdata))
                0x0000000000000000                PROVIDE (__tdata_size = (((SIZEOF (tdata) + __tdata_align) - 0x1) & ~ ((__tdata_align - 0x1))))
                [!provide]                        PROVIDE (__tdata_end = (__tdata_start + __tdata_size))
                0x0000000000000004                PROVIDE (__tbss_align = ALIGNOF (tbss))
                [!provide]                        PROVIDE (__tbss_start = ADDR (tbss))
                0x0000000000000004                PROVIDE (__tbss_size = (((SIZEOF (tbss) + __tbss_align) - 0x1) & ~ ((__tbss_align - 0x1))))
                [!provide]                        PROVIDE (__tbss_end = (__tbss_start + __tbss_size))
                [!provide]                        PROVIDE (__tls_start = __tdata_start)
                [!provide]                        PROVIDE (__tls_end = __tbss_end)
                [!provide]                        PROVIDE (__tls_size = (__tbss_end - __tdata_start))

rodata          0x0000000000004840      0x5a0
 *(SORT_BY_ALIGNMENT(.rodata))
 *(SORT_BY_ALIGNMENT(.rodata.*))
 .rodata.delay_machine_code.0
                0x0000000000004840        0x6 zephyr/soc/soc/nrf52833/libsoc__nordic.a(soc.c.obj)
 *fill*         0x0000000000004846        0x2 
 .rodata.mem_attr_region
                0x0000000000004848        0x0 zephyr/libzephyr.a(mem_attr.c.obj)
 .rodata.static_regions
                0x0000000000004848        0xc zephyr/arch/arch/arm/core/mpu/libarch__arm__core__mpu.a(arm_core_mpu.c.obj)
 .rodata.mpu_config
                0x0000000000004854        0x8 zephyr/arch/arch/arm/core/mpu/libarch__arm__core__mpu.a(arm_mpu_regions.c.obj)
                0x0000000000004854                mpu_config
 .rodata.mpu_regions
                0x000000000000485c       0x18 zephyr/arch/arch/arm/core/mpu/libarch__arm__core__mpu.a(arm_mpu_regions.c.obj)
 .rodata.transitions.0
                0x0000000000004874        0xc zephyr/drivers/clock_control/libdrivers__clock_control.a(clock_control_nrf.c.obj)
 .rodata.config
                0x0000000000004880       0x10 zephyr/drivers/clock_control/libdrivers__clock_control.a(clock_control_nrf.c.obj)
 .rodata.gpio_nrfx_p1_cfg
                0x0000000000004890       0x14 zephyr/drivers/gpio/libdrivers__gpio.a(gpio_nrfx.c.obj)
 .rodata.gpio_nrfx_p0_cfg
                0x00000000000048a4       0x14 zephyr/drivers/gpio/libdrivers__gpio.a(gpio_nrfx.c.obj)
 .rodata.uart_nrfx_uart0_config
                0x00000000000048b8        0x4 zephyr/drivers/serial/libdrivers__serial.a(uart_nrfx_uart.c.obj)
 .rodata.__pinctrl_dev_config__device_dts_ord_75
                0x00000000000048bc        0xc zephyr/drivers/serial/libdrivers__serial.a(uart_nrfx_uart.c.obj)
 .rodata.__pinctrl_states__device_dts_ord_75
                0x00000000000048c8        0x8 zephyr/drivers/serial/libdrivers__serial.a(uart_nrfx_uart.c.obj)
 .rodata.__pinctrl_state_pins_0__device_dts_ord_75
                0x00000000000048d0        0x8 zephyr/drivers/serial/libdrivers__serial.a(uart_nrfx_uart.c.obj)
 .rodata.m_config
                0x00000000000048d8        0x8 modules/hal_nordic/modules/hal_nordic/nrfx/libnrfx.a(nrfx_gpiote.c.obj)
 .rodata.levels.0
                0x00000000000048e0       0x18 zephyr/kernel/libkernel.a(init.c.obj)
 .rodata.ncs_boot_banner.str1.1
                0x00000000000048f8       0x63 zephyr/libzephyr.a(banner.c.obj)
 .rodata.z_arm_fatal_error.str1.1
                0x000000000000495b       0xb3 zephyr/arch/arch/arm/core/libarch__arm__core.a(fatal.c.obj)
 .rodata.mem_manage_fault.str1.1
                0x0000000000004a0e       0xdf zephyr/arch/arch/arm/core/cortex_m/libarch__arm__core__cortex_m.a(fault.c.obj)
 .rodata.usage_fault.constprop.0.str1.1
                0x0000000000004aed       0xd4 zephyr/arch/arch/arm/core/cortex_m/libarch__arm__core__cortex_m.a(fault.c.obj)
 .rodata.bus_fault.constprop.0.str1.1
                0x0000000000004bc1       0x8e zephyr/arch/arch/arm/core/cortex_m/libarch__arm__core__cortex_m.a(fault.c.obj)
 .rodata.z_arm_fault.str1.1
                0x0000000000004c4f      0x119 zephyr/arch/arch/arm/core/cortex_m/libarch__arm__core__cortex_m.a(fault.c.obj)
 .rodata.str1.1
                0x0000000000004d68        0xf zephyr/arch/arch/arm/core/mpu/libarch__arm__core__mpu.a(arm_mpu_regions.c.obj)
 .rodata.str1.1
                0x0000000000004d77        0xf zephyr/drivers/clock_control/libdrivers__clock_control.a(clock_control_nrf.c.obj)
 .rodata.str1.1
                0x0000000000004d86       0x1c zephyr/drivers/gpio/libdrivers__gpio.a(gpio_nrfx.c.obj)
 .rodata.drive_modes
                0x0000000000004da2        0x8 zephyr/drivers/pinctrl/libdrivers__pinctrl.a(pinctrl_nrf.c.obj)
 .rodata.str1.1
                0x0000000000004daa        0xe zephyr/drivers/serial/libdrivers__serial.a(uart_nrfx_uart.c.obj)
 .rodata.port_offset.1
                0x0000000000004db8       0x10 modules/hal_nordic/modules/hal_nordic/nrfx/libnrfx.a(nrfx_gpiote.c.obj)
 .rodata.ports  0x0000000000004dc8        0x2 modules/hal_nordic/modules/hal_nordic/nrfx/libnrfx.a(nrfx_gpiote.c.obj)
 .rodata.z_cstart.str1.1
                0x0000000000004dca        0x5 zephyr/kernel/libkernel.a(init.c.obj)
 .rodata.__l_vfprintf.str1.1
                0x0000000000004dcf        0xf /opt/nordic/ncs/toolchains/0c0f19d91c/opt/zephyr-sdk/arm-zephyr-eabi/bin/../lib/gcc/../../picolibc/arm-zephyr-eabi/lib/thumb/v7e-m/nofp/libc.a(libc_tinystdio_vflprintf.c.o)
 *(SORT_BY_ALIGNMENT(.gnu.linkonce.r.*))
                0x0000000000004de0                . = ALIGN (0x4)
 *fill*         0x0000000000004dde        0x2 
                [!provide]                        PROVIDE (__eh_frame_start = 0x0)
                [!provide]                        PROVIDE (__eh_frame_end = 0x0)
                [!provide]                        PROVIDE (__eh_frame_hdr_start = 0x0)
                [!provide]                        PROVIDE (__eh_frame_hdr_end = 0x0)

/DISCARD/
 *(SORT_BY_ALIGNMENT(.eh_frame))
                0x0000000000004de0                __rodata_region_end = .
                0x0000000000004de0                . = ALIGN (_region_min_align)
                0x0000000000008000                . = ALIGN ((0x1 << LOG2CEIL ((__rodata_region_end - ADDR (rom_start)))))
                0x0000000000008000                __rom_region_end = ((__rom_region_start + .) - ADDR (rom_start))
                0x0000000000008000                __rom_region_size = (__rom_region_end - __rom_region_start)

/DISCARD/
 *(SORT_BY_ALIGNMENT(.got.plt))
 *(SORT_BY_ALIGNMENT(.igot.plt))
 *(SORT_BY_ALIGNMENT(.got))
 *(SORT_BY_ALIGNMENT(.igot))
                0x0000000020000000                . = 0x20000000
                0x0000000020000000                . = ALIGN (_region_min_align)
                0x0000000020000000                _image_ram_start = .

.ramfunc        0x0000000020000000        0x0 load address 0x0000000000004de0
                0x0000000020000000                __ramfunc_region_start = .
                0x0000000020000000                . = ALIGN (_region_min_align)
                0x0000000020000000                . = ALIGN ((0x1 << LOG2CEIL (__ramfunc_size)))
                0x0000000020000000                __ramfunc_start = .
 *(SORT_BY_ALIGNMENT(.ramfunc))
 *(SORT_BY_ALIGNMENT(.ramfunc.*))
                0x0000000020000000                . = ALIGN (_region_min_align)
                0x0000000020000000                . = ALIGN ((0x1 << LOG2CEIL (__ramfunc_size)))
                0x0000000020000000                __ramfunc_end = .
                0x0000000000000000                __ramfunc_size = (__ramfunc_end - __ramfunc_start)
                0x0000000000004de0                __ramfunc_load_start = LOADADDR (.ramfunc)

datas           0x0000000020000000       0xb4 load address 0x0000000000004de0
                0x0000000020000000                __data_region_start = .
                0x0000000020000000                __data_start = .
 *(SORT_BY_ALIGNMENT(.data))